[     228ms] [WARNING] Invalid keyframe value for property transform: translateX(-1px) translateY(32px) skewY(1) @ https://loyal-growth-093412.framer.app/work/salk:286
[     228ms] [WARNING] Invalid keyframe value for property transform: translateX(-0.9775894426376668px) translateY(31.282862164405337px) skewY(0.9775894426376668) @ https://loyal-growth-093412.framer.app/work/salk:286
[     228ms] [WARNING] Invalid keyframe value for property transform: translateX(-0.9206115110988045px) translateY(29.459568355161743px) skewY(0.9206115110988045) @ https://loyal-growth-093412.framer.app/work/salk:286
[     228ms] [WARNING] Invalid keyframe value for property transform: translateX(-0.8419206481936954px) translateY(26.941460742198252px) skewY(0.8419206481936954) @ https://loyal-growth-093412.framer.app/work/salk:286
[     228ms] [WARNING] Invalid keyframe value for property transform: translateX(-0.7514053091370327px) translateY(24.044969892385048px) skewY(0.7514053091370327) @ https://loyal-growth-093412.framer.app/work/salk:286
[     228ms] [WARNING] Invalid keyframe value for property transform: translateX(-0.6564660273713847px) translateY(21.00691287588431px) skewY(0.6564660273713847) @ https://loyal-growth-093412.framer.app/work/salk:286
[     228ms] [WARNING] Invalid keyframe value for property transform: translateX(-0.562454231919291px) translateY(17.998535421417312px) skewY(0.562454231919291) @ https://loyal-growth-093412.framer.app/work/salk:286
[     229ms] [WARNING] Invalid keyframe value for property transform: translateX(-0.47306511961291386px) translateY(15.138083827613244px) skewY(0.47306511961291386) @ https://loyal-growth-093412.framer.app/work/salk:286
[     229ms] [WARNING] Invalid keyframe value for property transform: translateX(-0.3906818519087763px) translateY(12.501819261080842px) skewY(0.3906818519087763) @ https://loyal-growth-093412.framer.app/work/salk:286
[     229ms] [WARNING] Invalid keyframe value for property transform: translateX(-0.3166712293160937px) translateY(10.133479338114999px) skewY(0.3166712293160937) @ https://loyal-growth-093412.framer.app/work/salk:286
[     229ms] [WARNING] Invalid keyframe value for property transform: translateX(-0.2516330020798823px) translateY(8.052256066556234px) skewY(0.2516330020798823) @ https://loyal-growth-093412.framer.app/work/salk:286
[     229ms] [WARNING] Invalid keyframe value for property transform: translateX(-0.1956062840659227px) translateY(6.2594010901095265px) skewY(0.1956062840659227) @ https://loyal-growth-093412.framer.app/work/salk:286
[     229ms] [WARNING] Invalid keyframe value for property transform: translateX(-0.14823730317114436px) translateY(4.74359370147662px) skewY(0.14823730317114436) @ https://loyal-growth-093412.framer.app/work/salk:286
[     229ms] [WARNING] Invalid keyframe value for property transform: translateX(-0.10891307737436794px) translateY(3.485218475979774px) skewY(0.10891307737436794) @ https://loyal-growth-093412.framer.app/work/salk:286
[     229ms] [WARNING] Invalid keyframe value for property transform: translateX(-0.07686565976758254px) translateY(2.4597011125626413px) skewY(0.07686565976758254) @ https://loyal-growth-093412.framer.app/work/salk:286
[     229ms] [WARNING] Invalid keyframe value for property transform: translateX(-0.05125143739661893px) translateY(1.6400459966918057px) skewY(0.05125143739661893) @ https://loyal-growth-093412.framer.app/work/salk:286
[     229ms] [WARNING] Invalid keyframe value for property transform: translateX(-0.031209668476562178px) translateY(0.9987093912499897px) skewY(0.031209668476562178) @ https://loyal-growth-093412.framer.app/work/salk:286
[     229ms] [WARNING] Invalid keyframe value for property transform: translateX(-0.015904056061168778px) translateY(0.5089297939574009px) skewY(0.015904056061168778) @ https://loyal-growth-093412.framer.app/work/salk:286
[     229ms] [WARNING] Invalid keyframe value for property transform: translateX(-0.004550725933540275px) translateY(0.1456232298732888px) skewY(0.004550725933540275) @ https://loyal-growth-093412.framer.app/work/salk:286
[     229ms] [WARNING] Invalid keyframe value for property transform: translateX(0.003564466213520576px) translateY(-0.11406291883265843px) skewY(-0.003564466213520576) @ https://loyal-growth-093412.framer.app/work/salk:286
[     229ms] [WARNING] Invalid keyframe value for property transform: translateX(0.009076805861548118px) translateY(-0.29045778756953977px) skewY(-0.009076805861548118) @ https://loyal-growth-093412.framer.app/work/salk:286
[     229ms] [WARNING] Invalid keyframe value for property transform: translateX(0.012539683865623583px) translateY(-0.40126988369995464px) skewY(-0.012539683865623583) @ https://loyal-growth-093412.framer.app/work/salk:286
[     229ms] [WARNING] Invalid keyframe value for property transform: translateX(0.014425941019750197px) translateY(-0.4616301126320063px) skewY(-0.014425941019750197) @ https://loyal-growth-093412.framer.app/work/salk:286
[     229ms] [WARNING] Invalid keyframe value for property transform: translateX(0.01513221254001451px) translateY(-0.4842308012804643px) skewY(-0.01513221254001451) @ https://loyal-growth-093412.framer.app/work/salk:286
[     229ms] [WARNING] Invalid keyframe value for property transform: translateX(0.014985182282963281px) translateY(-0.479525833054825px) skewY(-0.014985182282963281) @ https://loyal-growth-093412.framer.app/work/salk:286
[     229ms] [WARNING] Invalid keyframe value for property transform: translateX(0.014248905174654825px) translateY(-0.4559649655889544px) skewY(-0.014248905174654825) @ https://loyal-growth-093412.framer.app/work/salk:286
[     229ms] [WARNING] Invalid keyframe value for property transform: translateX(0.013132565433556677px) translateY(-0.42024209387381367px) skewY(-0.013132565433556677) @ https://loyal-growth-093412.framer.app/work/salk:286
[     229ms] [WARNING] Invalid keyframe value for property transform: translateX(0.011798210836080906px) translateY(-0.377542746754589px) skewY(-0.011798210836080906) @ https://loyal-growth-093412.framer.app/work/salk:286
[     229ms] [WARNING] Invalid keyframe value for property transform: translateX(0.010368143207116938px) translateY(-0.331780582627742px) skewY(-0.010368143207116938) @ https://loyal-growth-093412.framer.app/work/salk:286
[     229ms] [WARNING] Invalid keyframe value for property transform: translateX(0.008931756492573915px) translateY(-0.28581620776236527px) skewY(-0.008931756492573915) @ https://loyal-growth-093412.framer.app/work/salk:286
[     229ms] [WARNING] Invalid keyframe value for property transform: translateX(0.0075517001753907945px) translateY(-0.24165440561250542px) skewY(-0.0075517001753907945) @ https://loyal-growth-093412.framer.app/work/salk:286
[     229ms] [WARNING] Invalid keyframe value for property transform: translateX(0.006269311261629759px) translateY(-0.2006179603721523px) skewY(-0.006269311261629759) @ https://loyal-growth-093412.framer.app/work/salk:286
[     229ms] [WARNING] Invalid keyframe value for property transform: translateX(0.005109306147940088px) translateY(-0.16349779673408282px) skewY(-0.005109306147940088) @ https://loyal-growth-093412.framer.app/work/salk:286
[     229ms] [WARNING] Invalid keyframe value for property transform: translateX(0.004083757604287599px) translateY(-0.13068024333720316px) skewY(-0.004083757604287599) @ https://loyal-growth-093412.framer.app/work/salk:286
[     229ms] [WARNING] Invalid keyframe value for property transform: translateX(0.00319540471118678px) translateY(-0.10225295075797695px) skewY(-0.00319540471118678) @ https://loyal-growth-093412.framer.app/work/salk:286
[     229ms] [WARNING] Invalid keyframe value for property transform: translateX(0.0024403573425186248px) translateY(-0.07809143496059599px) skewY(-0.0024403573425186248) @ https://loyal-growth-093412.framer.app/work/salk:286
[     229ms] [WARNING] Invalid keyframe value for property transform: translateX(0.0018102637770585797px) translateY(-0.05792844086587455px) skewY(-0.0018102637770585797) @ https://loyal-growth-093412.framer.app/work/salk:286
[     229ms] [WARNING] Invalid keyframe value for property transform: translateX(0.0012940120009789456px) translateY(-0.04140838403132626px) skewY(-0.0012940120009789456) @ https://loyal-growth-093412.framer.app/work/salk:286
[     230ms] [WARNING] Invalid keyframe value for property transform: translateX(0.0008790336608572345px) translateY(-0.028129077147431503px) skewY(-0.0008790336608572345) @ https://loyal-growth-093412.framer.app/work/salk:286
[     230ms] [WARNING] Invalid keyframe value for property transform: translateX(0.0005522755922060988px) translateY(-0.01767281895059516px) skewY(-0.0005522755922060988) @ https://loyal-growth-093412.framer.app/work/salk:286
[     358ms] [WARNING] Caught a recoverable error. The site is still functional, but might have some UI flickering or degraded page load performance. If you are the author of this website, update external components and check recently added custom code or code overrides to fix the following server/client mismatches:
 Error: Minified React error #418; visit https://reactjs.org/docs/error-decoder.html?invariant=418 for the full message or use the non-minified dev environment for full errors and additional helpful warnings.
    at da (https://framerusercontent.com/sites/14FbEpgXmueGQBluNf5v9W/react.CX66kjHr.mjs:6:4235)
    at $o (https://framerusercontent.com/sites/14FbEpgXmueGQBluNf5v9W/react.CX66kjHr.mjs:8:6737)
    at cp (https://framerusercontent.com/sites/14FbEpgXmueGQBluNf5v9W/react.CX66kjHr.mjs:8:68482)
    at $s (https://framerusercontent.com/sites/14FbEpgXmueGQBluNf5v9W/react.CX66kjHr.mjs:8:37073)
    at Qs (https://framerusercontent.com/sites/14FbEpgXmueGQBluNf5v9W/react.CX66kjHr.mjs:8:37046)
    at Ls (https://framerusercontent.com/sites/14FbEpgXmueGQBluNf5v9W/react.CX66kjHr.mjs:8:32130)
    at wt (https://framerusercontent.com/sites/14FbEpgXmueGQBluNf5v9W/react.CX66kjHr.mjs:1:10651)
    at MessagePort.Et (https://framerusercontent.com/sites/14FbEpgXmueGQBluNf5v9W/react.CX66kjHr.mjs:1:11006) 
    at Suspense
    at Zc (https://framerusercontent.com/sites/14FbEpgXmueGQBluNf5v9W/framer.DWoGEuec.mjs:49:69000)
    at zl (https://framerusercontent.com/sites/14FbEpgXmueGQBluNf5v9W/framer.DWoGEuec.mjs:49:75531)
    at div
    at div
    at c (https://framerusercontent.com/sites/14FbEpgXmueGQBluNf5v9W/motion.c-iCKl4v.mjs:9:5439)
    at https://framerusercontent.com/sites/14FbEpgXmueGQBluNf5v9W/framer.DWoGEuec.mjs:1049:30388
    at div
    at section
    at c (https://framerusercontent.com/sites/14FbEpgXmueGQBluNf5v9W/motion.c-iCKl4v.mjs:9:5439)
    at div
    at c (https://framerusercontent.com/sites/14FbEpgXmueGQBluNf5v9W/motion.c-iCKl4v.mjs:9:5439)
    at zd (https://framerusercontent.com/sites/14FbEpgXmueGQBluNf5v9W/motion.c-iCKl4v.mjs:9:70508)
    at https://framerusercontent.com/sites/14FbEpgXmueGQBluNf5v9W/IQHoswI4ID5UlgGG3YcObO_iz7SpJ8bnYl4n18Kem0c.CxbKOvEr.mjs:7:34179
    at https://framerusercontent.com/sites/14FbEpgXmueGQBluNf5v9W/framer.DWoGEuec.mjs:112:34112
    at https://framerusercontent.com/sites/14FbEpgXmueGQBluNf5v9W/framer.DWoGEuec.mjs:3:757
    at div
    at c (https://framerusercontent.com/sites/14FbEpgXmueGQBluNf5v9W/motion.c-iCKl4v.mjs:9:5439)
    at zd (https://framerusercontent.com/sites/14FbEpgXmueGQBluNf5v9W/motion.c-iCKl4v.mjs:9:70508)
    at https://framerusercontent.com/sites/14FbEpgXmueGQBluNf5v9W/script_main.DlxTH8el.mjs:1:72425
    at https://framerusercontent.com/sites/14FbEpgXmueGQBluNf5v9W/framer.DWoGEuec.mjs:112:34112
    at Zr (https://framerusercontent.com/sites/14FbEpgXmueGQBluNf5v9W/script_main.DlxTH8el.mjs:1:75093)
    at Qu (https://framerusercontent.com/sites/14FbEpgXmueGQBluNf5v9W/framer.DWoGEuec.mjs:51:6111)
    at O_ (https://framerusercontent.com/sites/14FbEpgXmueGQBluNf5v9W/framer.DWoGEuec.mjs:112:6099)
    at Suspense
    at Zc (https://framerusercontent.com/sites/14FbEpgXmueGQBluNf5v9W/framer.DWoGEuec.mjs:49:69000)
    at _S (https://framerusercontent.com/sites/14FbEpgXmueGQBluNf5v9W/framer.DWoGEuec.mjs:1049:32340)
    at Du (https://framerusercontent.com/sites/14FbEpgXmueGQBluNf5v9W/framer.DWoGEuec.mjs:49:87299)
    at _r (https://framerusercontent.com/sites/14FbEpgXmueGQBluNf5v9W/framer.DWoGEuec.mjs:49:6787)
    at Et (https://framerusercontent.com/sites/14FbEpgXmueGQBluNf5v9W/framer.DWoGEuec.mjs:3:2957)
    at Zu (https://framerusercontent.com/sites/14FbEpgXmueGQBluNf5v9W/framer.DWoGEuec.mjs:51:2003)
    at Au (https://framerusercontent.com/sites/14FbEpgXmueGQBluNf5v9W/framer.DWoGEuec.mjs:49:88118)
    at https://framerusercontent.com/sites/14FbEpgXmueGQBluNf5v9W/framer.DWoGEuec.mjs:1056:2511
    at https://framerusercontent.com/sites/14FbEpgXmueGQBluNf5v9W/framer.DWoGEuec.mjs:112:34112
    at ow (https://framerusercontent.com/sites/14FbEpgXmueGQBluNf5v9W/framer.DWoGEuec.mjs:1056:16863)
    at ln (https://framerusercontent.com/sites/14FbEpgXmueGQBluNf5v9W/framer.DWoGEuec.mjs:7:8121)
    at ta (https://framerusercontent.com/sites/14FbEpgXmueGQBluNf5v9W/motion.c-iCKl4v.mjs:9:1351)
    at dr (https://framerusercontent.com/sites/14FbEpgXmueGQBluNf5v9W/framer.DWoGEuec.mjs:49:6337)
    at cd (https://framerusercontent.com/sites/14FbEpgXmueGQBluNf5v9W/framer.DWoGEuec.mjs:51:7376)
    at JS (https://framerusercontent.com/sites/14FbEpgXmueGQBluNf5v9W/framer.DWoGEuec.mjs:1056:6091)
    at An (https://framerusercontent.com/sites/14FbEpgXmueGQBluNf5v9W/framer.DWoGEuec.mjs:7:12870) @ https://framerusercontent.com/sites/14FbEpgXmueGQBluNf5v9W/script_main.DlxTH8el.mjs:0
[     358ms] [WARNING] Caught a recoverable error. The site is still functional, but might have some UI flickering or degraded page load performance. If you are the author of this website, update external components and check recently added custom code or code overrides to fix the following server/client mismatches:
 Error: Minified React error #418; visit https://reactjs.org/docs/error-decoder.html?invariant=418 for the full message or use the non-minified dev environment for full errors and additional helpful warnings.
    at da (https://framerusercontent.com/sites/14FbEpgXmueGQBluNf5v9W/react.CX66kjHr.mjs:6:4235)
    at cp (https://framerusercontent.com/sites/14FbEpgXmueGQBluNf5v9W/react.CX66kjHr.mjs:8:68280)
    at $s (https://framerusercontent.com/sites/14FbEpgXmueGQBluNf5v9W/react.CX66kjHr.mjs:8:37073)
    at Qs (https://framerusercontent.com/sites/14FbEpgXmueGQBluNf5v9W/react.CX66kjHr.mjs:8:37046)
    at Ls (https://framerusercontent.com/sites/14FbEpgXmueGQBluNf5v9W/react.CX66kjHr.mjs:8:32130)
    at wt (https://framerusercontent.com/sites/14FbEpgXmueGQBluNf5v9W/react.CX66kjHr.mjs:1:10651)
    at MessagePort.Et (https://framerusercontent.com/sites/14FbEpgXmueGQBluNf5v9W/react.CX66kjHr.mjs:1:11006) 
    at div
    at c (https://framerusercontent.com/sites/14FbEpgXmueGQBluNf5v9W/motion.c-iCKl4v.mjs:9:5439)
    at https://framerusercontent.com/sites/14FbEpgXmueGQBluNf5v9W/framer.DWoGEuec.mjs:1057:50466
    at https://framerusercontent.com/sites/14FbEpgXmueGQBluNf5v9W/framer.DWoGEuec.mjs:56:18507
    at https://framerusercontent.com/sites/14FbEpgXmueGQBluNf5v9W/framer.DWoGEuec.mjs:1049:30388
    at div
    at section
    at c (https://framerusercontent.com/sites/14FbEpgXmueGQBluNf5v9W/motion.c-iCKl4v.mjs:9:5439)
    at div
    at c (https://framerusercontent.com/sites/14FbEpgXmueGQBluNf5v9W/motion.c-iCKl4v.mjs:9:5439)
    at zd (https://framerusercontent.com/sites/14FbEpgXmueGQBluNf5v9W/motion.c-iCKl4v.mjs:9:70508)
    at https://framerusercontent.com/sites/14FbEpgXmueGQBluNf5v9W/IQHoswI4ID5UlgGG3YcObO_iz7SpJ8bnYl4n18Kem0c.CxbKOvEr.mjs:7:34179
    at https://framerusercontent.com/sites/14FbEpgXmueGQBluNf5v9W/framer.DWoGEuec.mjs:112:34112
    at https://framerusercontent.com/sites/14FbEpgXmueGQBluNf5v9W/framer.DWoGEuec.mjs:3:757
    at div
    at c (https://framerusercontent.com/sites/14FbEpgXmueGQBluNf5v9W/motion.c-iCKl4v.mjs:9:5439)
    at zd (https://framerusercontent.com/sites/14FbEpgXmueGQBluNf5v9W/motion.c-iCKl4v.mjs:9:70508)
    at https://framerusercontent.com/sites/14FbEpgXmueGQBluNf5v9W/script_main.DlxTH8el.mjs:1:72425
    at https://framerusercontent.com/sites/14FbEpgXmueGQBluNf5v9W/framer.DWoGEuec.mjs:112:34112
    at Zr (https://framerusercontent.com/sites/14FbEpgXmueGQBluNf5v9W/script_main.DlxTH8el.mjs:1:75093)
    at Qu (https://framerusercontent.com/sites/14FbEpgXmueGQBluNf5v9W/framer.DWoGEuec.mjs:51:6111)
    at O_ (https://framerusercontent.com/sites/14FbEpgXmueGQBluNf5v9W/framer.DWoGEuec.mjs:112:6099)
    at Suspense
    at Zc (https://framerusercontent.com/sites/14FbEpgXmueGQBluNf5v9W/framer.DWoGEuec.mjs:49:69000)
    at _S (https://framerusercontent.com/sites/14FbEpgXmueGQBluNf5v9W/framer.DWoGEuec.mjs:1049:32340)
    at Du (https://framerusercontent.com/sites/14FbEpgXmueGQBluNf5v9W/framer.DWoGEuec.mjs:49:87299)
    at _r (https://framerusercontent.com/sites/14FbEpgXmueGQBluNf5v9W/framer.DWoGEuec.mjs:49:6787)
    at Et (https://framerusercontent.com/sites/14FbEpgXmueGQBluNf5v9W/framer.DWoGEuec.mjs:3:2957)
    at Zu (https://framerusercontent.com/sites/14FbEpgXmueGQBluNf5v9W/framer.DWoGEuec.mjs:51:2003)
    at Au (https://framerusercontent.com/sites/14FbEpgXmueGQBluNf5v9W/framer.DWoGEuec.mjs:49:88118)
    at https://framerusercontent.com/sites/14FbEpgXmueGQBluNf5v9W/framer.DWoGEuec.mjs:1056:2511
    at https://framerusercontent.com/sites/14FbEpgXmueGQBluNf5v9W/framer.DWoGEuec.mjs:112:34112
    at ow (https://framerusercontent.com/sites/14FbEpgXmueGQBluNf5v9W/framer.DWoGEuec.mjs:1056:16863)
    at ln (https://framerusercontent.com/sites/14FbEpgXmueGQBluNf5v9W/framer.DWoGEuec.mjs:7:8121)
    at ta (https://framerusercontent.com/sites/14FbEpgXmueGQBluNf5v9W/motion.c-iCKl4v.mjs:9:1351)
    at dr (https://framerusercontent.com/sites/14FbEpgXmueGQBluNf5v9W/framer.DWoGEuec.mjs:49:6337)
    at cd (https://framerusercontent.com/sites/14FbEpgXmueGQBluNf5v9W/framer.DWoGEuec.mjs:51:7376)
    at JS (https://framerusercontent.com/sites/14FbEpgXmueGQBluNf5v9W/framer.DWoGEuec.mjs:1056:6091)
    at An (https://framerusercontent.com/sites/14FbEpgXmueGQBluNf5v9W/framer.DWoGEuec.mjs:7:12870) @ https://framerusercontent.com/sites/14FbEpgXmueGQBluNf5v9W/script_main.DlxTH8el.mjs:0
[     359ms] [WARNING] Caught a recoverable error. The site is still functional, but might have some UI flickering or degraded page load performance. If you are the author of this website, update external components and check recently added custom code or code overrides to fix the following server/client mismatches:
 Error: Minified React error #418; visit https://reactjs.org/docs/error-decoder.html?invariant=418 for the full message or use the non-minified dev environment for full errors and additional helpful warnings.
    at da (https://framerusercontent.com/sites/14FbEpgXmueGQBluNf5v9W/react.CX66kjHr.mjs:6:4235)
    at cp (https://framerusercontent.com/sites/14FbEpgXmueGQBluNf5v9W/react.CX66kjHr.mjs:8:68280)
    at $s (https://framerusercontent.com/sites/14FbEpgXmueGQBluNf5v9W/react.CX66kjHr.mjs:8:37073)
    at Qs (https://framerusercontent.com/sites/14FbEpgXmueGQBluNf5v9W/react.CX66kjHr.mjs:8:37046)
    at Ls (https://framerusercontent.com/sites/14FbEpgXmueGQBluNf5v9W/react.CX66kjHr.mjs:8:32130)
    at wt (https://framerusercontent.com/sites/14FbEpgXmueGQBluNf5v9W/react.CX66kjHr.mjs:1:10651)
    at MessagePort.Et (https://framerusercontent.com/sites/14FbEpgXmueGQBluNf5v9W/react.CX66kjHr.mjs:1:11006) 
    at div
    at c (https://framerusercontent.com/sites/14FbEpgXmueGQBluNf5v9W/motion.c-iCKl4v.mjs:9:5439)
    at https://framerusercontent.com/sites/14FbEpgXmueGQBluNf5v9W/framer.DWoGEuec.mjs:1049:30388
    at div
    at section
    at c (https://framerusercontent.com/sites/14FbEpgXmueGQBluNf5v9W/motion.c-iCKl4v.mjs:9:5439)
    at div
    at c (https://framerusercontent.com/sites/14FbEpgXmueGQBluNf5v9W/motion.c-iCKl4v.mjs:9:5439)
    at zd (https://framerusercontent.com/sites/14FbEpgXmueGQBluNf5v9W/motion.c-iCKl4v.mjs:9:70508)
    at https://framerusercontent.com/sites/14FbEpgXmueGQBluNf5v9W/IQHoswI4ID5UlgGG3YcObO_iz7SpJ8bnYl4n18Kem0c.CxbKOvEr.mjs:7:34179
    at https://framerusercontent.com/sites/14FbEpgXmueGQBluNf5v9W/framer.DWoGEuec.mjs:112:34112
    at https://framerusercontent.com/sites/14FbEpgXmueGQBluNf5v9W/framer.DWoGEuec.mjs:3:757
    at div
    at c (https://framerusercontent.com/sites/14FbEpgXmueGQBluNf5v9W/motion.c-iCKl4v.mjs:9:5439)
    at zd (https://framerusercontent.com/sites/14FbEpgXmueGQBluNf5v9W/motion.c-iCKl4v.mjs:9:70508)
    at https://framerusercontent.com/sites/14FbEpgXmueGQBluNf5v9W/script_main.DlxTH8el.mjs:1:72425
    at https://framerusercontent.com/sites/14FbEpgXmueGQBluNf5v9W/framer.DWoGEuec.mjs:112:34112
    at Zr (https://framerusercontent.com/sites/14FbEpgXmueGQBluNf5v9W/script_main.DlxTH8el.mjs:1:75093)
    at Qu (https://framerusercontent.com/sites/14FbEpgXmueGQBluNf5v9W/framer.DWoGEuec.mjs:51:6111)
    at O_ (https://framerusercontent.com/sites/14FbEpgXmueGQBluNf5v9W/framer.DWoGEuec.mjs:112:6099)
    at Suspense
    at Zc (https://framerusercontent.com/sites/14FbEpgXmueGQBluNf5v9W/framer.DWoGEuec.mjs:49:69000)
    at _S (https://framerusercontent.com/sites/14FbEpgXmueGQBluNf5v9W/framer.DWoGEuec.mjs:1049:32340)
    at Du (https://framerusercontent.com/sites/14FbEpgXmueGQBluNf5v9W/framer.DWoGEuec.mjs:49:87299)
    at _r (https://framerusercontent.com/sites/14FbEpgXmueGQBluNf5v9W/framer.DWoGEuec.mjs:49:6787)
    at Et (https://framerusercontent.com/sites/14FbEpgXmueGQBluNf5v9W/framer.DWoGEuec.mjs:3:2957)
    at Zu (https://framerusercontent.com/sites/14FbEpgXmueGQBluNf5v9W/framer.DWoGEuec.mjs:51:2003)
    at Au (https://framerusercontent.com/sites/14FbEpgXmueGQBluNf5v9W/framer.DWoGEuec.mjs:49:88118)
    at https://framerusercontent.com/sites/14FbEpgXmueGQBluNf5v9W/framer.DWoGEuec.mjs:1056:2511
    at https://framerusercontent.com/sites/14FbEpgXmueGQBluNf5v9W/framer.DWoGEuec.mjs:112:34112
    at ow (https://framerusercontent.com/sites/14FbEpgXmueGQBluNf5v9W/framer.DWoGEuec.mjs:1056:16863)
    at ln (https://framerusercontent.com/sites/14FbEpgXmueGQBluNf5v9W/framer.DWoGEuec.mjs:7:8121)
    at ta (https://framerusercontent.com/sites/14FbEpgXmueGQBluNf5v9W/motion.c-iCKl4v.mjs:9:1351)
    at dr (https://framerusercontent.com/sites/14FbEpgXmueGQBluNf5v9W/framer.DWoGEuec.mjs:49:6337)
    at cd (https://framerusercontent.com/sites/14FbEpgXmueGQBluNf5v9W/framer.DWoGEuec.mjs:51:7376)
    at JS (https://framerusercontent.com/sites/14FbEpgXmueGQBluNf5v9W/framer.DWoGEuec.mjs:1056:6091)
    at An (https://framerusercontent.com/sites/14FbEpgXmueGQBluNf5v9W/framer.DWoGEuec.mjs:7:12870) @ https://framerusercontent.com/sites/14FbEpgXmueGQBluNf5v9W/script_main.DlxTH8el.mjs:0
[     359ms] [WARNING] Caught a recoverable error. The site is still functional, but might have some UI flickering or degraded page load performance. If you are the author of this website, update external components and check recently added custom code or code overrides to fix the following server/client mismatches:
 Error: Minified React error #418; visit https://reactjs.org/docs/error-decoder.html?invariant=418 for the full message or use the non-minified dev environment for full errors and additional helpful warnings.
    at da (https://framerusercontent.com/sites/14FbEpgXmueGQBluNf5v9W/react.CX66kjHr.mjs:6:4235)
    at cp (https://framerusercontent.com/sites/14FbEpgXmueGQBluNf5v9W/react.CX66kjHr.mjs:8:68280)
    at $s (https://framerusercontent.com/sites/14FbEpgXmueGQBluNf5v9W/react.CX66kjHr.mjs:8:37073)
    at Qs (https://framerusercontent.com/sites/14FbEpgXmueGQBluNf5v9W/react.CX66kjHr.mjs:8:37046)
    at Ls (https://framerusercontent.com/sites/14FbEpgXmueGQBluNf5v9W/react.CX66kjHr.mjs:8:32130)
    at wt (https://framerusercontent.com/sites/14FbEpgXmueGQBluNf5v9W/react.CX66kjHr.mjs:1:10651)
    at MessagePort.Et (https://framerusercontent.com/sites/14FbEpgXmueGQBluNf5v9W/react.CX66kjHr.mjs:1:11006) 
    at section
    at c (https://framerusercontent.com/sites/14FbEpgXmueGQBluNf5v9W/motion.c-iCKl4v.mjs:9:5439)
    at div
    at c (https://framerusercontent.com/sites/14FbEpgXmueGQBluNf5v9W/motion.c-iCKl4v.mjs:9:5439)
    at zd (https://framerusercontent.com/sites/14FbEpgXmueGQBluNf5v9W/motion.c-iCKl4v.mjs:9:70508)
    at https://framerusercontent.com/sites/14FbEpgXmueGQBluNf5v9W/IQHoswI4ID5UlgGG3YcObO_iz7SpJ8bnYl4n18Kem0c.CxbKOvEr.mjs:7:34179
    at https://framerusercontent.com/sites/14FbEpgXmueGQBluNf5v9W/framer.DWoGEuec.mjs:112:34112
    at https://framerusercontent.com/sites/14FbEpgXmueGQBluNf5v9W/framer.DWoGEuec.mjs:3:757
    at div
    at c (https://framerusercontent.com/sites/14FbEpgXmueGQBluNf5v9W/motion.c-iCKl4v.mjs:9:5439)
    at zd (https://framerusercontent.com/sites/14FbEpgXmueGQBluNf5v9W/motion.c-iCKl4v.mjs:9:70508)
    at https://framerusercontent.com/sites/14FbEpgXmueGQBluNf5v9W/script_main.DlxTH8el.mjs:1:72425
    at https://framerusercontent.com/sites/14FbEpgXmueGQBluNf5v9W/framer.DWoGEuec.mjs:112:34112
    at Zr (https://framerusercontent.com/sites/14FbEpgXmueGQBluNf5v9W/script_main.DlxTH8el.mjs:1:75093)
    at Qu (https://framerusercontent.com/sites/14FbEpgXmueGQBluNf5v9W/framer.DWoGEuec.mjs:51:6111)
    at O_ (https://framerusercontent.com/sites/14FbEpgXmueGQBluNf5v9W/framer.DWoGEuec.mjs:112:6099)
    at Suspense
    at Zc (https://framerusercontent.com/sites/14FbEpgXmueGQBluNf5v9W/framer.DWoGEuec.mjs:49:69000)
    at _S (https://framerusercontent.com/sites/14FbEpgXmueGQBluNf5v9W/framer.DWoGEuec.mjs:1049:32340)
    at Du (https://framerusercontent.com/sites/14FbEpgXmueGQBluNf5v9W/framer.DWoGEuec.mjs:49:87299)
    at _r (https://framerusercontent.com/sites/14FbEpgXmueGQBluNf5v9W/framer.DWoGEuec.mjs:49:6787)
    at Et (https://framerusercontent.com/sites/14FbEpgXmueGQBluNf5v9W/framer.DWoGEuec.mjs:3:2957)
    at Zu (https://framerusercontent.com/sites/14FbEpgXmueGQBluNf5v9W/framer.DWoGEuec.mjs:51:2003)
    at Au (https://framerusercontent.com/sites/14FbEpgXmueGQBluNf5v9W/framer.DWoGEuec.mjs:49:88118)
    at https://framerusercontent.com/sites/14FbEpgXmueGQBluNf5v9W/framer.DWoGEuec.mjs:1056:2511
    at https://framerusercontent.com/sites/14FbEpgXmueGQBluNf5v9W/framer.DWoGEuec.mjs:112:34112
    at ow (https://framerusercontent.com/sites/14FbEpgXmueGQBluNf5v9W/framer.DWoGEuec.mjs:1056:16863)
    at ln (https://framerusercontent.com/sites/14FbEpgXmueGQBluNf5v9W/framer.DWoGEuec.mjs:7:8121)
    at ta (https://framerusercontent.com/sites/14FbEpgXmueGQBluNf5v9W/motion.c-iCKl4v.mjs:9:1351)
    at dr (https://framerusercontent.com/sites/14FbEpgXmueGQBluNf5v9W/framer.DWoGEuec.mjs:49:6337)
    at cd (https://framerusercontent.com/sites/14FbEpgXmueGQBluNf5v9W/framer.DWoGEuec.mjs:51:7376)
    at JS (https://framerusercontent.com/sites/14FbEpgXmueGQBluNf5v9W/framer.DWoGEuec.mjs:1056:6091)
    at An (https://framerusercontent.com/sites/14FbEpgXmueGQBluNf5v9W/framer.DWoGEuec.mjs:7:12870) @ https://framerusercontent.com/sites/14FbEpgXmueGQBluNf5v9W/script_main.DlxTH8el.mjs:0
[     359ms] [WARNING] Caught a recoverable error. The site is still functional, but might have some UI flickering or degraded page load performance. If you are the author of this website, update external components and check recently added custom code or code overrides to fix the following server/client mismatches:
 Error: Minified React error #418; visit https://reactjs.org/docs/error-decoder.html?invariant=418 for the full message or use the non-minified dev environment for full errors and additional helpful warnings.
    at da (https://framerusercontent.com/sites/14FbEpgXmueGQBluNf5v9W/react.CX66kjHr.mjs:6:4235)
    at cp (https://framerusercontent.com/sites/14FbEpgXmueGQBluNf5v9W/react.CX66kjHr.mjs:8:68280)
    at $s (https://framerusercontent.com/sites/14FbEpgXmueGQBluNf5v9W/react.CX66kjHr.mjs:8:37073)
    at Qs (https://framerusercontent.com/sites/14FbEpgXmueGQBluNf5v9W/react.CX66kjHr.mjs:8:37046)
    at Ls (https://framerusercontent.com/sites/14FbEpgXmueGQBluNf5v9W/react.CX66kjHr.mjs:8:32130)
    at wt (https://framerusercontent.com/sites/14FbEpgXmueGQBluNf5v9W/react.CX66kjHr.mjs:1:10651)
    at MessagePort.Et (https://framerusercontent.com/sites/14FbEpgXmueGQBluNf5v9W/react.CX66kjHr.mjs:1:11006) 
    at div
    at c (https://framerusercontent.com/sites/14FbEpgXmueGQBluNf5v9W/motion.c-iCKl4v.mjs:9:5439)
    at https://framerusercontent.com/sites/14FbEpgXmueGQBluNf5v9W/framer.DWoGEuec.mjs:1056:1471
    at https://framerusercontent.com/sites/14FbEpgXmueGQBluNf5v9W/framer.DWoGEuec.mjs:1049:32240
    at https://framerusercontent.com/sites/14FbEpgXmueGQBluNf5v9W/framer.DWoGEuec.mjs:1049:32053
    at div
    at c (https://framerusercontent.com/sites/14FbEpgXmueGQBluNf5v9W/motion.c-iCKl4v.mjs:9:5439)
    at zd (https://framerusercontent.com/sites/14FbEpgXmueGQBluNf5v9W/motion.c-iCKl4v.mjs:9:70508)
    at https://framerusercontent.com/sites/14FbEpgXmueGQBluNf5v9W/IQHoswI4ID5UlgGG3YcObO_iz7SpJ8bnYl4n18Kem0c.CxbKOvEr.mjs:7:34179
    at https://framerusercontent.com/sites/14FbEpgXmueGQBluNf5v9W/framer.DWoGEuec.mjs:112:34112
    at https://framerusercontent.com/sites/14FbEpgXmueGQBluNf5v9W/framer.DWoGEuec.mjs:3:757
    at div
    at c (https://framerusercontent.com/sites/14FbEpgXmueGQBluNf5v9W/motion.c-iCKl4v.mjs:9:5439)
    at zd (https://framerusercontent.com/sites/14FbEpgXmueGQBluNf5v9W/motion.c-iCKl4v.mjs:9:70508)
    at https://framerusercontent.com/sites/14FbEpgXmueGQBluNf5v9W/script_main.DlxTH8el.mjs:1:72425
    at https://framerusercontent.com/sites/14FbEpgXmueGQBluNf5v9W/framer.DWoGEuec.mjs:112:34112
    at Zr (https://framerusercontent.com/sites/14FbEpgXmueGQBluNf5v9W/script_main.DlxTH8el.mjs:1:75093)
    at Qu (https://framerusercontent.com/sites/14FbEpgXmueGQBluNf5v9W/framer.DWoGEuec.mjs:51:6111)
    at O_ (https://framerusercontent.com/sites/14FbEpgXmueGQBluNf5v9W/framer.DWoGEuec.mjs:112:6099)
    at Suspense
    at Zc (https://framerusercontent.com/sites/14FbEpgXmueGQBluNf5v9W/framer.DWoGEuec.mjs:49:69000)
    at _S (https://framerusercontent.com/sites/14FbEpgXmueGQBluNf5v9W/framer.DWoGEuec.mjs:1049:32340)
    at Du (https://framerusercontent.com/sites/14FbEpgXmueGQBluNf5v9W/framer.DWoGEuec.mjs:49:87299)
    at _r (https://framerusercontent.com/sites/14FbEpgXmueGQBluNf5v9W/framer.DWoGEuec.mjs:49:6787)
    at Et (https://framerusercontent.com/sites/14FbEpgXmueGQBluNf5v9W/framer.DWoGEuec.mjs:3:2957)
    at Zu (https://framerusercontent.com/sites/14FbEpgXmueGQBluNf5v9W/framer.DWoGEuec.mjs:51:2003)
    at Au (https://framerusercontent.com/sites/14FbEpgXmueGQBluNf5v9W/framer.DWoGEuec.mjs:49:88118)
    at https://framerusercontent.com/sites/14FbEpgXmueGQBluNf5v9W/framer.DWoGEuec.mjs:1056:2511
    at https://framerusercontent.com/sites/14FbEpgXmueGQBluNf5v9W/framer.DWoGEuec.mjs:112:34112
    at ow (https://framerusercontent.com/sites/14FbEpgXmueGQBluNf5v9W/framer.DWoGEuec.mjs:1056:16863)
    at ln (https://framerusercontent.com/sites/14FbEpgXmueGQBluNf5v9W/framer.DWoGEuec.mjs:7:8121)
    at ta (https://framerusercontent.com/sites/14FbEpgXmueGQBluNf5v9W/motion.c-iCKl4v.mjs:9:1351)
    at dr (https://framerusercontent.com/sites/14FbEpgXmueGQBluNf5v9W/framer.DWoGEuec.mjs:49:6337)
    at cd (https://framerusercontent.com/sites/14FbEpgXmueGQBluNf5v9W/framer.DWoGEuec.mjs:51:7376)
    at JS (https://framerusercontent.com/sites/14FbEpgXmueGQBluNf5v9W/framer.DWoGEuec.mjs:1056:6091)
    at An (https://framerusercontent.com/sites/14FbEpgXmueGQBluNf5v9W/framer.DWoGEuec.mjs:7:12870) @ https://framerusercontent.com/sites/14FbEpgXmueGQBluNf5v9W/script_main.DlxTH8el.mjs:0
[     360ms] [WARNING] Caught a recoverable error. The site is still functional, but might have some UI flickering or degraded page load performance. If you are the author of this website, update external components and check recently added custom code or code overrides to fix the following server/client mismatches:
 Error: Minified React error #418; visit https://reactjs.org/docs/error-decoder.html?invariant=418 for the full message or use the non-minified dev environment for full errors and additional helpful warnings.
    at da (https://framerusercontent.com/sites/14FbEpgXmueGQBluNf5v9W/react.CX66kjHr.mjs:6:4235)
    at cp (https://framerusercontent.com/sites/14FbEpgXmueGQBluNf5v9W/react.CX66kjHr.mjs:8:68280)
    at $s (https://framerusercontent.com/sites/14FbEpgXmueGQBluNf5v9W/react.CX66kjHr.mjs:8:37073)
    at Qs (https://framerusercontent.com/sites/14FbEpgXmueGQBluNf5v9W/react.CX66kjHr.mjs:8:37046)
    at Ls (https://framerusercontent.com/sites/14FbEpgXmueGQBluNf5v9W/react.CX66kjHr.mjs:8:32130)
    at wt (https://framerusercontent.com/sites/14FbEpgXmueGQBluNf5v9W/react.CX66kjHr.mjs:1:10651)
    at MessagePort.Et (https://framerusercontent.com/sites/14FbEpgXmueGQBluNf5v9W/react.CX66kjHr.mjs:1:11006) 
    at div
    at zd (https://framerusercontent.com/sites/14FbEpgXmueGQBluNf5v9W/motion.c-iCKl4v.mjs:9:70508)
    at https://framerusercontent.com/sites/14FbEpgXmueGQBluNf5v9W/IQHoswI4ID5UlgGG3YcObO_iz7SpJ8bnYl4n18Kem0c.CxbKOvEr.mjs:7:34179
    at https://framerusercontent.com/sites/14FbEpgXmueGQBluNf5v9W/framer.DWoGEuec.mjs:112:34112
    at https://framerusercontent.com/sites/14FbEpgXmueGQBluNf5v9W/framer.DWoGEuec.mjs:3:757
    at div
    at c (https://framerusercontent.com/sites/14FbEpgXmueGQBluNf5v9W/motion.c-iCKl4v.mjs:9:5439)
    at zd (https://framerusercontent.com/sites/14FbEpgXmueGQBluNf5v9W/motion.c-iCKl4v.mjs:9:70508)
    at https://framerusercontent.com/sites/14FbEpgXmueGQBluNf5v9W/script_main.DlxTH8el.mjs:1:72425
    at https://framerusercontent.com/sites/14FbEpgXmueGQBluNf5v9W/framer.DWoGEuec.mjs:112:34112
    at Zr (https://framerusercontent.com/sites/14FbEpgXmueGQBluNf5v9W/script_main.DlxTH8el.mjs:1:75093)
    at Qu (https://framerusercontent.com/sites/14FbEpgXmueGQBluNf5v9W/framer.DWoGEuec.mjs:51:6111)
    at O_ (https://framerusercontent.com/sites/14FbEpgXmueGQBluNf5v9W/framer.DWoGEuec.mjs:112:6099)
    at Suspense
    at Zc (https://framerusercontent.com/sites/14FbEpgXmueGQBluNf5v9W/framer.DWoGEuec.mjs:49:69000)
    at _S (https://framerusercontent.com/sites/14FbEpgXmueGQBluNf5v9W/framer.DWoGEuec.mjs:1049:32340)
    at Du (https://framerusercontent.com/sites/14FbEpgXmueGQBluNf5v9W/framer.DWoGEuec.mjs:49:87299)
    at _r (https://framerusercontent.com/sites/14FbEpgXmueGQBluNf5v9W/framer.DWoGEuec.mjs:49:6787)
    at Et (https://framerusercontent.com/sites/14FbEpgXmueGQBluNf5v9W/framer.DWoGEuec.mjs:3:2957)
    at Zu (https://framerusercontent.com/sites/14FbEpgXmueGQBluNf5v9W/framer.DWoGEuec.mjs:51:2003)
    at Au (https://framerusercontent.com/sites/14FbEpgXmueGQBluNf5v9W/framer.DWoGEuec.mjs:49:88118)
    at https://framerusercontent.com/sites/14FbEpgXmueGQBluNf5v9W/framer.DWoGEuec.mjs:1056:2511
    at https://framerusercontent.com/sites/14FbEpgXmueGQBluNf5v9W/framer.DWoGEuec.mjs:112:34112
    at ow (https://framerusercontent.com/sites/14FbEpgXmueGQBluNf5v9W/framer.DWoGEuec.mjs:1056:16863)
    at ln (https://framerusercontent.com/sites/14FbEpgXmueGQBluNf5v9W/framer.DWoGEuec.mjs:7:8121)
    at ta (https://framerusercontent.com/sites/14FbEpgXmueGQBluNf5v9W/motion.c-iCKl4v.mjs:9:1351)
    at dr (https://framerusercontent.com/sites/14FbEpgXmueGQBluNf5v9W/framer.DWoGEuec.mjs:49:6337)
    at cd (https://framerusercontent.com/sites/14FbEpgXmueGQBluNf5v9W/framer.DWoGEuec.mjs:51:7376)
    at JS (https://framerusercontent.com/sites/14FbEpgXmueGQBluNf5v9W/framer.DWoGEuec.mjs:1056:6091)
    at An (https://framerusercontent.com/sites/14FbEpgXmueGQBluNf5v9W/framer.DWoGEuec.mjs:7:12870) @ https://framerusercontent.com/sites/14FbEpgXmueGQBluNf5v9W/script_main.DlxTH8el.mjs:0
[     360ms] [WARNING] Caught a recoverable error. The site is still functional, but might have some UI flickering or degraded page load performance. If you are the author of this website, update external components and check recently added custom code or code overrides to fix the following server/client mismatches:
 Error: Minified React error #418; visit https://reactjs.org/docs/error-decoder.html?invariant=418 for the full message or use the non-minified dev environment for full errors and additional helpful warnings.
    at da (https://framerusercontent.com/sites/14FbEpgXmueGQBluNf5v9W/react.CX66kjHr.mjs:6:4235)
    at cp (https://framerusercontent.com/sites/14FbEpgXmueGQBluNf5v9W/react.CX66kjHr.mjs:8:68280)
    at $s (https://framerusercontent.com/sites/14FbEpgXmueGQBluNf5v9W/react.CX66kjHr.mjs:8:37073)
    at Qs (https://framerusercontent.com/sites/14FbEpgXmueGQBluNf5v9W/react.CX66kjHr.mjs:8:37046)
    at Ls (https://framerusercontent.com/sites/14FbEpgXmueGQBluNf5v9W/react.CX66kjHr.mjs:8:32130)
    at wt (https://framerusercontent.com/sites/14FbEpgXmueGQBluNf5v9W/react.CX66kjHr.mjs:1:10651)
    at MessagePort.Et (https://framerusercontent.com/sites/14FbEpgXmueGQBluNf5v9W/react.CX66kjHr.mjs:1:11006) 
    at div
    at div
    at c (https://framerusercontent.com/sites/14FbEpgXmueGQBluNf5v9W/motion.c-iCKl4v.mjs:9:5439)
    at zd (https://framerusercontent.com/sites/14FbEpgXmueGQBluNf5v9W/motion.c-iCKl4v.mjs:9:70508)
    at https://framerusercontent.com/sites/14FbEpgXmueGQBluNf5v9W/script_main.DlxTH8el.mjs:1:72425
    at https://framerusercontent.com/sites/14FbEpgXmueGQBluNf5v9W/framer.DWoGEuec.mjs:112:34112
    at Zr (https://framerusercontent.com/sites/14FbEpgXmueGQBluNf5v9W/script_main.DlxTH8el.mjs:1:75093)
    at Qu (https://framerusercontent.com/sites/14FbEpgXmueGQBluNf5v9W/framer.DWoGEuec.mjs:51:6111)
    at O_ (https://framerusercontent.com/sites/14FbEpgXmueGQBluNf5v9W/framer.DWoGEuec.mjs:112:6099)
    at Suspense
    at Zc (https://framerusercontent.com/sites/14FbEpgXmueGQBluNf5v9W/framer.DWoGEuec.mjs:49:69000)
    at _S (https://framerusercontent.com/sites/14FbEpgXmueGQBluNf5v9W/framer.DWoGEuec.mjs:1049:32340)
    at Du (https://framerusercontent.com/sites/14FbEpgXmueGQBluNf5v9W/framer.DWoGEuec.mjs:49:87299)
    at _r (https://framerusercontent.com/sites/14FbEpgXmueGQBluNf5v9W/framer.DWoGEuec.mjs:49:6787)
    at Et (https://framerusercontent.com/sites/14FbEpgXmueGQBluNf5v9W/framer.DWoGEuec.mjs:3:2957)
    at Zu (https://framerusercontent.com/sites/14FbEpgXmueGQBluNf5v9W/framer.DWoGEuec.mjs:51:2003)
    at Au (https://framerusercontent.com/sites/14FbEpgXmueGQBluNf5v9W/framer.DWoGEuec.mjs:49:88118)
    at https://framerusercontent.com/sites/14FbEpgXmueGQBluNf5v9W/framer.DWoGEuec.mjs:1056:2511
    at https://framerusercontent.com/sites/14FbEpgXmueGQBluNf5v9W/framer.DWoGEuec.mjs:112:34112
    at ow (https://framerusercontent.com/sites/14FbEpgXmueGQBluNf5v9W/framer.DWoGEuec.mjs:1056:16863)
    at ln (https://framerusercontent.com/sites/14FbEpgXmueGQBluNf5v9W/framer.DWoGEuec.mjs:7:8121)
    at ta (https://framerusercontent.com/sites/14FbEpgXmueGQBluNf5v9W/motion.c-iCKl4v.mjs:9:1351)
    at dr (https://framerusercontent.com/sites/14FbEpgXmueGQBluNf5v9W/framer.DWoGEuec.mjs:49:6337)
    at cd (https://framerusercontent.com/sites/14FbEpgXmueGQBluNf5v9W/framer.DWoGEuec.mjs:51:7376)
    at JS (https://framerusercontent.com/sites/14FbEpgXmueGQBluNf5v9W/framer.DWoGEuec.mjs:1056:6091)
    at An (https://framerusercontent.com/sites/14FbEpgXmueGQBluNf5v9W/framer.DWoGEuec.mjs:7:12870) @ https://framerusercontent.com/sites/14FbEpgXmueGQBluNf5v9W/script_main.DlxTH8el.mjs:0
[     360ms] [WARNING] Caught a recoverable error. The site is still functional, but might have some UI flickering or degraded page load performance. If you are the author of this website, update external components and check recently added custom code or code overrides to fix the following server/client mismatches:
 Error: Minified React error #418; visit https://reactjs.org/docs/error-decoder.html?invariant=418 for the full message or use the non-minified dev environment for full errors and additional helpful warnings.
    at da (https://framerusercontent.com/sites/14FbEpgXmueGQBluNf5v9W/react.CX66kjHr.mjs:6:4235)
    at cp (https://framerusercontent.com/sites/14FbEpgXmueGQBluNf5v9W/react.CX66kjHr.mjs:8:68280)
    at $s (https://framerusercontent.com/sites/14FbEpgXmueGQBluNf5v9W/react.CX66kjHr.mjs:8:37073)
    at Qs (https://framerusercontent.com/sites/14FbEpgXmueGQBluNf5v9W/react.CX66kjHr.mjs:8:37046)
    at Ls (https://framerusercontent.com/sites/14FbEpgXmueGQBluNf5v9W/react.CX66kjHr.mjs:8:32130)
    at wt (https://framerusercontent.com/sites/14FbEpgXmueGQBluNf5v9W/react.CX66kjHr.mjs:1:10651)
    at MessagePort.Et (https://framerusercontent.com/sites/14FbEpgXmueGQBluNf5v9W/react.CX66kjHr.mjs:1:11006) 
    at div
    at https://framerusercontent.com/sites/14FbEpgXmueGQBluNf5v9W/framer.DWoGEuec.mjs:1049:26749
    at https://framerusercontent.com/sites/14FbEpgXmueGQBluNf5v9W/framer.DWoGEuec.mjs:112:34112
    at div
    at c (https://framerusercontent.com/sites/14FbEpgXmueGQBluNf5v9W/motion.c-iCKl4v.mjs:9:5439)
    at zd (https://framerusercontent.com/sites/14FbEpgXmueGQBluNf5v9W/motion.c-iCKl4v.mjs:9:70508)
    at https://framerusercontent.com/sites/14FbEpgXmueGQBluNf5v9W/script_main.DlxTH8el.mjs:1:72425
    at https://framerusercontent.com/sites/14FbEpgXmueGQBluNf5v9W/framer.DWoGEuec.mjs:112:34112
    at Zr (https://framerusercontent.com/sites/14FbEpgXmueGQBluNf5v9W/script_main.DlxTH8el.mjs:1:75093)
    at Qu (https://framerusercontent.com/sites/14FbEpgXmueGQBluNf5v9W/framer.DWoGEuec.mjs:51:6111)
    at O_ (https://framerusercontent.com/sites/14FbEpgXmueGQBluNf5v9W/framer.DWoGEuec.mjs:112:6099)
    at Suspense
    at Zc (https://framerusercontent.com/sites/14FbEpgXmueGQBluNf5v9W/framer.DWoGEuec.mjs:49:69000)
    at _S (https://framerusercontent.com/sites/14FbEpgXmueGQBluNf5v9W/framer.DWoGEuec.mjs:1049:32340)
    at Du (https://framerusercontent.com/sites/14FbEpgXmueGQBluNf5v9W/framer.DWoGEuec.mjs:49:87299)
    at _r (https://framerusercontent.com/sites/14FbEpgXmueGQBluNf5v9W/framer.DWoGEuec.mjs:49:6787)
    at Et (https://framerusercontent.com/sites/14FbEpgXmueGQBluNf5v9W/framer.DWoGEuec.mjs:3:2957)
    at Zu (https://framerusercontent.com/sites/14FbEpgXmueGQBluNf5v9W/framer.DWoGEuec.mjs:51:2003)
    at Au (https://framerusercontent.com/sites/14FbEpgXmueGQBluNf5v9W/framer.DWoGEuec.mjs:49:88118)
    at https://framerusercontent.com/sites/14FbEpgXmueGQBluNf5v9W/framer.DWoGEuec.mjs:1056:2511
    at https://framerusercontent.com/sites/14FbEpgXmueGQBluNf5v9W/framer.DWoGEuec.mjs:112:34112
    at ow (https://framerusercontent.com/sites/14FbEpgXmueGQBluNf5v9W/framer.DWoGEuec.mjs:1056:16863)
    at ln (https://framerusercontent.com/sites/14FbEpgXmueGQBluNf5v9W/framer.DWoGEuec.mjs:7:8121)
    at ta (https://framerusercontent.com/sites/14FbEpgXmueGQBluNf5v9W/motion.c-iCKl4v.mjs:9:1351)
    at dr (https://framerusercontent.com/sites/14FbEpgXmueGQBluNf5v9W/framer.DWoGEuec.mjs:49:6337)
    at cd (https://framerusercontent.com/sites/14FbEpgXmueGQBluNf5v9W/framer.DWoGEuec.mjs:51:7376)
    at JS (https://framerusercontent.com/sites/14FbEpgXmueGQBluNf5v9W/framer.DWoGEuec.mjs:1056:6091)
    at An (https://framerusercontent.com/sites/14FbEpgXmueGQBluNf5v9W/framer.DWoGEuec.mjs:7:12870) @ https://framerusercontent.com/sites/14FbEpgXmueGQBluNf5v9W/script_main.DlxTH8el.mjs:0
[     361ms] [WARNING] Caught a recoverable error. The site is still functional, but might have some UI flickering or degraded page load performance. If you are the author of this website, update external components and check recently added custom code or code overrides to fix the following server/client mismatches:
 Error: Minified React error #418; visit https://reactjs.org/docs/error-decoder.html?invariant=418 for the full message or use the non-minified dev environment for full errors and additional helpful warnings.
    at da (https://framerusercontent.com/sites/14FbEpgXmueGQBluNf5v9W/react.CX66kjHr.mjs:6:4235)
    at cp (https://framerusercontent.com/sites/14FbEpgXmueGQBluNf5v9W/react.CX66kjHr.mjs:8:68280)
    at $s (https://framerusercontent.com/sites/14FbEpgXmueGQBluNf5v9W/react.CX66kjHr.mjs:8:37073)
    at Qs (https://framerusercontent.com/sites/14FbEpgXmueGQBluNf5v9W/react.CX66kjHr.mjs:8:37046)
    at Ls (https://framerusercontent.com/sites/14FbEpgXmueGQBluNf5v9W/react.CX66kjHr.mjs:8:32130)
    at wt (https://framerusercontent.com/sites/14FbEpgXmueGQBluNf5v9W/react.CX66kjHr.mjs:1:10651)
    at MessagePort.Et (https://framerusercontent.com/sites/14FbEpgXmueGQBluNf5v9W/react.CX66kjHr.mjs:1:11006) 
    at div
    at zd (https://framerusercontent.com/sites/14FbEpgXmueGQBluNf5v9W/motion.c-iCKl4v.mjs:9:70508)
    at https://framerusercontent.com/sites/14FbEpgXmueGQBluNf5v9W/script_main.DlxTH8el.mjs:1:72425
    at https://framerusercontent.com/sites/14FbEpgXmueGQBluNf5v9W/framer.DWoGEuec.mjs:112:34112
    at Zr (https://framerusercontent.com/sites/14FbEpgXmueGQBluNf5v9W/script_main.DlxTH8el.mjs:1:75093)
    at Qu (https://framerusercontent.com/sites/14FbEpgXmueGQBluNf5v9W/framer.DWoGEuec.mjs:51:6111)
    at O_ (https://framerusercontent.com/sites/14FbEpgXmueGQBluNf5v9W/framer.DWoGEuec.mjs:112:6099)
    at Suspense
    at Zc (https://framerusercontent.com/sites/14FbEpgXmueGQBluNf5v9W/framer.DWoGEuec.mjs:49:69000)
    at _S (https://framerusercontent.com/sites/14FbEpgXmueGQBluNf5v9W/framer.DWoGEuec.mjs:1049:32340)
    at Du (https://framerusercontent.com/sites/14FbEpgXmueGQBluNf5v9W/framer.DWoGEuec.mjs:49:87299)
    at _r (https://framerusercontent.com/sites/14FbEpgXmueGQBluNf5v9W/framer.DWoGEuec.mjs:49:6787)
    at Et (https://framerusercontent.com/sites/14FbEpgXmueGQBluNf5v9W/framer.DWoGEuec.mjs:3:2957)
    at Zu (https://framerusercontent.com/sites/14FbEpgXmueGQBluNf5v9W/framer.DWoGEuec.mjs:51:2003)
    at Au (https://framerusercontent.com/sites/14FbEpgXmueGQBluNf5v9W/framer.DWoGEuec.mjs:49:88118)
    at https://framerusercontent.com/sites/14FbEpgXmueGQBluNf5v9W/framer.DWoGEuec.mjs:1056:2511
    at https://framerusercontent.com/sites/14FbEpgXmueGQBluNf5v9W/framer.DWoGEuec.mjs:112:34112
    at ow (https://framerusercontent.com/sites/14FbEpgXmueGQBluNf5v9W/framer.DWoGEuec.mjs:1056:16863)
    at ln (https://framerusercontent.com/sites/14FbEpgXmueGQBluNf5v9W/framer.DWoGEuec.mjs:7:8121)
    at ta (https://framerusercontent.com/sites/14FbEpgXmueGQBluNf5v9W/motion.c-iCKl4v.mjs:9:1351)
    at dr (https://framerusercontent.com/sites/14FbEpgXmueGQBluNf5v9W/framer.DWoGEuec.mjs:49:6337)
    at cd (https://framerusercontent.com/sites/14FbEpgXmueGQBluNf5v9W/framer.DWoGEuec.mjs:51:7376)
    at JS (https://framerusercontent.com/sites/14FbEpgXmueGQBluNf5v9W/framer.DWoGEuec.mjs:1056:6091)
    at An (https://framerusercontent.com/sites/14FbEpgXmueGQBluNf5v9W/framer.DWoGEuec.mjs:7:12870) @ https://framerusercontent.com/sites/14FbEpgXmueGQBluNf5v9W/script_main.DlxTH8el.mjs:0
[     361ms] [WARNING] Caught a recoverable error. The site is still functional, but might have some UI flickering or degraded page load performance. If you are the author of this website, update external components and check recently added custom code or code overrides to fix the following server/client mismatches:
 Error: Minified React error #422; visit https://reactjs.org/docs/error-decoder.html?invariant=422 for the full message or use the non-minified dev environment for full errors and additional helpful warnings.
    at ns (https://framerusercontent.com/sites/14FbEpgXmueGQBluNf5v9W/react.CX66kjHr.mjs:8:8255)
    at $o (https://framerusercontent.com/sites/14FbEpgXmueGQBluNf5v9W/react.CX66kjHr.mjs:8:7196)
    at cp (https://framerusercontent.com/sites/14FbEpgXmueGQBluNf5v9W/react.CX66kjHr.mjs:8:68482)
    at $s (https://framerusercontent.com/sites/14FbEpgXmueGQBluNf5v9W/react.CX66kjHr.mjs:8:37073)
    at Qs (https://framerusercontent.com/sites/14FbEpgXmueGQBluNf5v9W/react.CX66kjHr.mjs:8:37046)
    at Ls (https://framerusercontent.com/sites/14FbEpgXmueGQBluNf5v9W/react.CX66kjHr.mjs:8:32130)
    at wt (https://framerusercontent.com/sites/14FbEpgXmueGQBluNf5v9W/react.CX66kjHr.mjs:1:10651)
    at MessagePort.Et (https://framerusercontent.com/sites/14FbEpgXmueGQBluNf5v9W/react.CX66kjHr.mjs:1:11006) null @ https://framerusercontent.com/sites/14FbEpgXmueGQBluNf5v9W/script_main.DlxTH8el.mjs:0
