[    1406ms] [ERROR] Failed to load resource: the server responded with a status of 404 (Not Found) @ http://localhost:3000/site.webmanifest:0
[    1472ms] [ERROR] Manifest fetch from http://localhost:3000/site.webmanifest failed, code 404 @ http://localhost:3000/docs/quick-start:95
[    1822ms] [ERROR] Failed to load resource: the server responded with a status of 404 (Not Found) @ http://localhost:3000/site.webmanifest:0
[    1871ms] [ERROR] Failed to load resource: the server responded with a status of 404 (Not Found) @ http://localhost:3000/icon.svg:0
[    1873ms] [ERROR] Manifest fetch from http://localhost:3000/site.webmanifest failed, code 404 @ http://localhost:3000/docs/quick-start:0
[   89674ms] [ERROR] Failed to load resource: the server responded with a status of 404 (Not Found) @ http://localhost:3000/site.webmanifest:0
[   89718ms] [ERROR] Manifest fetch from http://localhost:3000/site.webmanifest failed, code 404 @ http://localhost:3000/docs/quick-start:95
[   89899ms] [ERROR] Failed to load resource: the server responded with a status of 404 (Not Found) @ http://localhost:3000/site.webmanifest:0
[   89905ms] [ERROR] Manifest fetch from http://localhost:3000/site.webmanifest failed, code 404 @ http://localhost:3000/docs/quick-start:0
[  108303ms] [ERROR] Failed to load resource: the server responded with a status of 404 (Not Found) @ http://localhost:3000/site.webmanifest:0
[  108316ms] [ERROR] Manifest fetch from http://localhost:3000/site.webmanifest failed, code 404 @ http://localhost:3000/docs/quick-start:0
[  109482ms] [ERROR] Failed to load resource: the server responded with a status of 404 (Not Found) @ http://localhost:3000/site.webmanifest:0
[  109494ms] [ERROR] Manifest fetch from http://localhost:3000/site.webmanifest failed, code 404 @ http://localhost:3000/docs/quick-start:0
[  112539ms] [ERROR] Failed to load resource: the server responded with a status of 404 (Not Found) @ http://localhost:3000/site.webmanifest:0
[  112550ms] [ERROR] Manifest fetch from http://localhost:3000/site.webmanifest failed, code 404 @ http://localhost:3000/docs/quick-start:0
[  147189ms] [ERROR] WebSocket connection to 'ws://localhost:3000/_next/webpack-hmr?id=pnmND2binc3DueMj8Sxz1' failed: Error in connection establishment: net::ERR_CONNECTION_REFUSED @ http://localhost:3000/_next/static/chunks/node_modules_next_dist_client_17643121._.js:10878
[  148191ms] [ERROR] WebSocket connection to 'ws://localhost:3000/_next/webpack-hmr?id=pnmND2binc3DueMj8Sxz1' failed: Error in connection establishment: net::ERR_CONNECTION_REFUSED @ http://localhost:3000/_next/static/chunks/node_modules_next_dist_client_17643121._.js:10878
[  149192ms] [ERROR] WebSocket connection to 'ws://localhost:3000/_next/webpack-hmr?id=pnmND2binc3DueMj8Sxz1' failed: Error in connection establishment: net::ERR_CONNECTION_REFUSED @ http://localhost:3000/_next/static/chunks/node_modules_next_dist_client_17643121._.js:10878
[  151296ms] [ERROR] Failed to load resource: the server responded with a status of 404 (Not Found) @ http://localhost:3000/site.webmanifest:0
[  151345ms] [ERROR] Manifest fetch from http://localhost:3000/site.webmanifest failed, code 404 @ http://localhost:3000/docs/quick-start:95
[  151575ms] [ERROR] Failed to load resource: the server responded with a status of 404 (Not Found) @ http://localhost:3000/site.webmanifest:0
[  151583ms] [ERROR] Manifest fetch from http://localhost:3000/site.webmanifest failed, code 404 @ http://localhost:3000/docs/quick-start:0
