[    1238ms] [ERROR] Failed to load resource: the server responded with a status of 404 (Not Found) @ http://localhost:3000/site.webmanifest:0
[    1303ms] [ERROR] Manifest fetch from http://localhost:3000/site.webmanifest failed, code 404 @ http://localhost:3000/dashboard/billing:0
[    1723ms] [ERROR] Failed to load resource: the server responded with a status of 404 (Not Found) @ http://localhost:3000/site.webmanifest:0
[    1723ms] [ERROR] Manifest fetch from http://localhost:3000/site.webmanifest failed, code 404 @ http://localhost:3000/dashboard/billing:0
[    1736ms] [ERROR] WebSocket connection to 'wss://tgeltzjcufdqmltuvbkd.supabase.co/realtime/v1/websocket?apikey=placeholder&vsn=2.0.0' failed: HTTP Authentication failed; no valid credentials available @ http://localhost:3000/_next/static/chunks/node_modules_46c8afc4._.js:3405
[    2807ms] [ERROR] WebSocket connection to 'wss://tgeltzjcufdqmltuvbkd.supabase.co/realtime/v1/websocket?apikey=placeholder&vsn=2.0.0' failed: HTTP Authentication failed; no valid credentials available @ http://localhost:3000/_next/static/chunks/node_modules_46c8afc4._.js:3405
[    4871ms] [ERROR] WebSocket connection to 'wss://tgeltzjcufdqmltuvbkd.supabase.co/realtime/v1/websocket?apikey=placeholder&vsn=2.0.0' failed: HTTP Authentication failed; no valid credentials available @ http://localhost:3000/_next/static/chunks/node_modules_46c8afc4._.js:3405
[    9924ms] [ERROR] WebSocket connection to 'wss://tgeltzjcufdqmltuvbkd.supabase.co/realtime/v1/websocket?apikey=placeholder&vsn=2.0.0' failed: HTTP Authentication failed; no valid credentials available @ http://localhost:3000/_next/static/chunks/node_modules_46c8afc4._.js:3405
[   19980ms] [ERROR] WebSocket connection to 'wss://tgeltzjcufdqmltuvbkd.supabase.co/realtime/v1/websocket?apikey=placeholder&vsn=2.0.0' failed: HTTP Authentication failed; no valid credentials available @ http://localhost:3000/_next/static/chunks/node_modules_46c8afc4._.js:3405
[   30033ms] [ERROR] WebSocket connection to 'wss://tgeltzjcufdqmltuvbkd.supabase.co/realtime/v1/websocket?apikey=placeholder&vsn=2.0.0' failed: HTTP Authentication failed; no valid credentials available @ http://localhost:3000/_next/static/chunks/node_modules_46c8afc4._.js:3405
[   40095ms] [ERROR] WebSocket connection to 'wss://tgeltzjcufdqmltuvbkd.supabase.co/realtime/v1/websocket?apikey=placeholder&vsn=2.0.0' failed: HTTP Authentication failed; no valid credentials available @ http://localhost:3000/_next/static/chunks/node_modules_46c8afc4._.js:3405
[   50154ms] [ERROR] WebSocket connection to 'wss://tgeltzjcufdqmltuvbkd.supabase.co/realtime/v1/websocket?apikey=placeholder&vsn=2.0.0' failed: HTTP Authentication failed; no valid credentials available @ http://localhost:3000/_next/static/chunks/node_modules_46c8afc4._.js:3405
[   60212ms] [ERROR] WebSocket connection to 'wss://tgeltzjcufdqmltuvbkd.supabase.co/realtime/v1/websocket?apikey=placeholder&vsn=2.0.0' failed: HTTP Authentication failed; no valid credentials available @ http://localhost:3000/_next/static/chunks/node_modules_46c8afc4._.js:3405
[   70270ms] [ERROR] WebSocket connection to 'wss://tgeltzjcufdqmltuvbkd.supabase.co/realtime/v1/websocket?apikey=placeholder&vsn=2.0.0' failed: HTTP Authentication failed; no valid credentials available @ http://localhost:3000/_next/static/chunks/node_modules_46c8afc4._.js:3405
[   80332ms] [ERROR] WebSocket connection to 'wss://tgeltzjcufdqmltuvbkd.supabase.co/realtime/v1/websocket?apikey=placeholder&vsn=2.0.0' failed: HTTP Authentication failed; no valid credentials available @ http://localhost:3000/_next/static/chunks/node_modules_46c8afc4._.js:3405
[   90389ms] [ERROR] WebSocket connection to 'wss://tgeltzjcufdqmltuvbkd.supabase.co/realtime/v1/websocket?apikey=placeholder&vsn=2.0.0' failed: HTTP Authentication failed; no valid credentials available @ http://localhost:3000/_next/static/chunks/node_modules_46c8afc4._.js:3405
[  100451ms] [ERROR] WebSocket connection to 'wss://tgeltzjcufdqmltuvbkd.supabase.co/realtime/v1/websocket?apikey=placeholder&vsn=2.0.0' failed: HTTP Authentication failed; no valid credentials available @ http://localhost:3000/_next/static/chunks/node_modules_46c8afc4._.js:3405
[  102630ms] [ERROR] WebSocket connection to 'ws://localhost:3000/_next/webpack-hmr?id=Ah6UwfyXE3tyUvo2fCugx' failed: Error in connection establishment: net::ERR_CONNECTION_REFUSED @ http://localhost:3000/_next/static/chunks/node_modules_next_dist_client_17643121._.js:10878
[  103633ms] [ERROR] WebSocket connection to 'ws://localhost:3000/_next/webpack-hmr?id=Ah6UwfyXE3tyUvo2fCugx' failed: Error in connection establishment: net::ERR_CONNECTION_REFUSED @ http://localhost:3000/_next/static/chunks/node_modules_next_dist_client_17643121._.js:10878
[  104635ms] [ERROR] WebSocket connection to 'ws://localhost:3000/_next/webpack-hmr?id=Ah6UwfyXE3tyUvo2fCugx' failed: Error in connection establishment: net::ERR_CONNECTION_REFUSED @ http://localhost:3000/_next/static/chunks/node_modules_next_dist_client_17643121._.js:10878
[  107102ms] [ERROR] Failed to load resource: the server responded with a status of 404 (Not Found) @ http://localhost:3000/site.webmanifest:0
[  107222ms] [ERROR] Manifest fetch from http://localhost:3000/site.webmanifest failed, code 404 @ http://localhost:3000/dashboard/billing:0
[  107530ms] [ERROR] Failed to load resource: the server responded with a status of 404 (Not Found) @ http://localhost:3000/site.webmanifest:0
[  107530ms] [ERROR] Manifest fetch from http://localhost:3000/site.webmanifest failed, code 404 @ http://localhost:3000/dashboard/billing:0
[  107541ms] [ERROR] WebSocket connection to 'wss://tgeltzjcufdqmltuvbkd.supabase.co/realtime/v1/websocket?apikey=placeholder&vsn=2.0.0' failed: HTTP Authentication failed; no valid credentials available @ http://localhost:3000/_next/static/chunks/node_modules_46c8afc4._.js:3405
[  108595ms] [ERROR] WebSocket connection to 'wss://tgeltzjcufdqmltuvbkd.supabase.co/realtime/v1/websocket?apikey=placeholder&vsn=2.0.0' failed: HTTP Authentication failed; no valid credentials available @ http://localhost:3000/_next/static/chunks/node_modules_46c8afc4._.js:3405
[  110661ms] [ERROR] WebSocket connection to 'wss://tgeltzjcufdqmltuvbkd.supabase.co/realtime/v1/websocket?apikey=placeholder&vsn=2.0.0' failed: HTTP Authentication failed; no valid credentials available @ http://localhost:3000/_next/static/chunks/node_modules_46c8afc4._.js:3405
[  115717ms] [ERROR] WebSocket connection to 'wss://tgeltzjcufdqmltuvbkd.supabase.co/realtime/v1/websocket?apikey=placeholder&vsn=2.0.0' failed: HTTP Authentication failed; no valid credentials available @ http://localhost:3000/_next/static/chunks/node_modules_46c8afc4._.js:3405
