[     188ms] [ERROR] Failed to load resource: the server responded with a status of 404 (Not Found) @ http://localhost:3000/site.webmanifest:0
[     436ms] [ERROR] Manifest fetch from http://localhost:3000/site.webmanifest failed, code 404 @ http://localhost:3000/signup:0
[     600ms] [ERROR] Failed to load resource: the server responded with a status of 404 (Not Found) @ http://localhost:3000/site.webmanifest:0
[     660ms] [ERROR] Manifest fetch from http://localhost:3000/site.webmanifest failed, code 404 @ http://localhost:3000/signup:0
[     660ms] [ERROR] Failed to load resource: the server responded with a status of 404 (Not Found) @ http://localhost:3000/icon.svg:0
[   24353ms] [WARNING] [Fast Refresh] performing full reload

Fast Refresh will perform a full reload when you edit a file that's imported by modules outside of the React rendering tree.
You might have a file which exports a React component but also exports a value that is imported by a non-React component file.
Consider migrating the non-React component export to a separate file and importing it into both files.

It is also possible the parent component of the component you edited is a class component, which disables Fast Refresh.
Fast Refresh requires at least one parent function component in your React tree. @ http://localhost:3000/_next/static/chunks/node_modules_next_dist_f3530cac._.js:2297
[   24860ms] [ERROR] Failed to load resource: the server responded with a status of 404 (Not Found) @ http://localhost:3000/site.webmanifest:0
[   24919ms] [ERROR] Manifest fetch from http://localhost:3000/site.webmanifest failed, code 404 @ http://localhost:3000/signup:0
[   25139ms] [ERROR] Failed to load resource: the server responded with a status of 404 (Not Found) @ http://localhost:3000/site.webmanifest:0
[   25147ms] [ERROR] Manifest fetch from http://localhost:3000/site.webmanifest failed, code 404 @ http://localhost:3000/signup:0
[   26054ms] [WARNING] [Fast Refresh] performing full reload

Fast Refresh will perform a full reload when you edit a file that's imported by modules outside of the React rendering tree.
You might have a file which exports a React component but also exports a value that is imported by a non-React component file.
Consider migrating the non-React component export to a separate file and importing it into both files.

It is also possible the parent component of the component you edited is a class component, which disables Fast Refresh.
Fast Refresh requires at least one parent function component in your React tree. @ http://localhost:3000/_next/static/chunks/node_modules_next_dist_f3530cac._.js:2297
[   26531ms] [ERROR] Failed to load resource: the server responded with a status of 404 (Not Found) @ http://localhost:3000/site.webmanifest:0
[   26617ms] [ERROR] Manifest fetch from http://localhost:3000/site.webmanifest failed, code 404 @ http://localhost:3000/signup:0
[   26762ms] [ERROR] Failed to load resource: the server responded with a status of 404 (Not Found) @ http://localhost:3000/site.webmanifest:0
[   26770ms] [ERROR] Manifest fetch from http://localhost:3000/site.webmanifest failed, code 404 @ http://localhost:3000/signup:0
[   27267ms] [WARNING] [Fast Refresh] performing full reload

Fast Refresh will perform a full reload when you edit a file that's imported by modules outside of the React rendering tree.
You might have a file which exports a React component but also exports a value that is imported by a non-React component file.
Consider migrating the non-React component export to a separate file and importing it into both files.

It is also possible the parent component of the component you edited is a class component, which disables Fast Refresh.
Fast Refresh requires at least one parent function component in your React tree. @ http://localhost:3000/_next/static/chunks/node_modules_next_dist_f3530cac._.js:2297
[   27718ms] [ERROR] Failed to load resource: the server responded with a status of 404 (Not Found) @ http://localhost:3000/site.webmanifest:0
[   27818ms] [ERROR] Manifest fetch from http://localhost:3000/site.webmanifest failed, code 404 @ http://localhost:3000/signup:0
[   27965ms] [ERROR] Failed to load resource: the server responded with a status of 404 (Not Found) @ http://localhost:3000/site.webmanifest:0
[   27974ms] [ERROR] Manifest fetch from http://localhost:3000/site.webmanifest failed, code 404 @ http://localhost:3000/signup:0
[   31403ms] [WARNING] [Fast Refresh] performing full reload

Fast Refresh will perform a full reload when you edit a file that's imported by modules outside of the React rendering tree.
You might have a file which exports a React component but also exports a value that is imported by a non-React component file.
Consider migrating the non-React component export to a separate file and importing it into both files.

It is also possible the parent component of the component you edited is a class component, which disables Fast Refresh.
Fast Refresh requires at least one parent function component in your React tree. @ http://localhost:3000/_next/static/chunks/node_modules_next_dist_f3530cac._.js:2297
[   31840ms] [ERROR] Failed to load resource: the server responded with a status of 404 (Not Found) @ http://localhost:3000/site.webmanifest:0
[   31892ms] [ERROR] Manifest fetch from http://localhost:3000/site.webmanifest failed, code 404 @ http://localhost:3000/signup:0
[   32133ms] [ERROR] Failed to load resource: the server responded with a status of 404 (Not Found) @ http://localhost:3000/site.webmanifest:0
[   32141ms] [ERROR] Manifest fetch from http://localhost:3000/site.webmanifest failed, code 404 @ http://localhost:3000/signup:0
[   32802ms] [WARNING] [Fast Refresh] performing full reload

Fast Refresh will perform a full reload when you edit a file that's imported by modules outside of the React rendering tree.
You might have a file which exports a React component but also exports a value that is imported by a non-React component file.
Consider migrating the non-React component export to a separate file and importing it into both files.

It is also possible the parent component of the component you edited is a class component, which disables Fast Refresh.
Fast Refresh requires at least one parent function component in your React tree. @ http://localhost:3000/_next/static/chunks/node_modules_next_dist_f3530cac._.js:2297
[   33257ms] [ERROR] Failed to load resource: the server responded with a status of 404 (Not Found) @ http://localhost:3000/site.webmanifest:0
[   33286ms] [ERROR] Manifest fetch from http://localhost:3000/site.webmanifest failed, code 404 @ http://localhost:3000/signup:0
[   33499ms] [ERROR] Failed to load resource: the server responded with a status of 404 (Not Found) @ http://localhost:3000/site.webmanifest:0
[   33507ms] [ERROR] Manifest fetch from http://localhost:3000/site.webmanifest failed, code 404 @ http://localhost:3000/signup:0
[   34110ms] [WARNING] [Fast Refresh] performing full reload

Fast Refresh will perform a full reload when you edit a file that's imported by modules outside of the React rendering tree.
You might have a file which exports a React component but also exports a value that is imported by a non-React component file.
Consider migrating the non-React component export to a separate file and importing it into both files.

It is also possible the parent component of the component you edited is a class component, which disables Fast Refresh.
Fast Refresh requires at least one parent function component in your React tree. @ http://localhost:3000/_next/static/chunks/node_modules_next_dist_f3530cac._.js:2297
[   34557ms] [ERROR] Failed to load resource: the server responded with a status of 404 (Not Found) @ http://localhost:3000/site.webmanifest:0
[   34602ms] [ERROR] Manifest fetch from http://localhost:3000/site.webmanifest failed, code 404 @ http://localhost:3000/signup:0
[   34846ms] [ERROR] Failed to load resource: the server responded with a status of 404 (Not Found) @ http://localhost:3000/site.webmanifest:0
[   34853ms] [ERROR] Manifest fetch from http://localhost:3000/site.webmanifest failed, code 404 @ http://localhost:3000/signup:0
[   35953ms] [WARNING] [Fast Refresh] performing full reload

Fast Refresh will perform a full reload when you edit a file that's imported by modules outside of the React rendering tree.
You might have a file which exports a React component but also exports a value that is imported by a non-React component file.
Consider migrating the non-React component export to a separate file and importing it into both files.

It is also possible the parent component of the component you edited is a class component, which disables Fast Refresh.
Fast Refresh requires at least one parent function component in your React tree. @ http://localhost:3000/_next/static/chunks/node_modules_next_dist_f3530cac._.js:2297
[   36361ms] [ERROR] Failed to load resource: the server responded with a status of 404 (Not Found) @ http://localhost:3000/site.webmanifest:0
[   36386ms] [ERROR] Manifest fetch from http://localhost:3000/site.webmanifest failed, code 404 @ http://localhost:3000/signup:0
[   36588ms] [ERROR] Failed to load resource: the server responded with a status of 404 (Not Found) @ http://localhost:3000/site.webmanifest:0
[   36594ms] [ERROR] Manifest fetch from http://localhost:3000/site.webmanifest failed, code 404 @ http://localhost:3000/signup:0
[   36703ms] [WARNING] [Fast Refresh] performing full reload

Fast Refresh will perform a full reload when you edit a file that's imported by modules outside of the React rendering tree.
You might have a file which exports a React component but also exports a value that is imported by a non-React component file.
Consider migrating the non-React component export to a separate file and importing it into both files.

It is also possible the parent component of the component you edited is a class component, which disables Fast Refresh.
Fast Refresh requires at least one parent function component in your React tree. @ http://localhost:3000/_next/static/chunks/node_modules_next_dist_f3530cac._.js:2297
[   37254ms] [ERROR] Failed to load resource: the server responded with a status of 404 (Not Found) @ http://localhost:3000/site.webmanifest:0
[   37293ms] [ERROR] Manifest fetch from http://localhost:3000/site.webmanifest failed, code 404 @ http://localhost:3000/signup:0
[   37389ms] [ERROR] Failed to load resource: the server responded with a status of 404 (Not Found) @ http://localhost:3000/site.webmanifest:0
[   37395ms] [ERROR] Manifest fetch from http://localhost:3000/site.webmanifest failed, code 404 @ http://localhost:3000/signup:0
[   38113ms] [WARNING] [Fast Refresh] performing full reload

Fast Refresh will perform a full reload when you edit a file that's imported by modules outside of the React rendering tree.
You might have a file which exports a React component but also exports a value that is imported by a non-React component file.
Consider migrating the non-React component export to a separate file and importing it into both files.

It is also possible the parent component of the component you edited is a class component, which disables Fast Refresh.
Fast Refresh requires at least one parent function component in your React tree. @ http://localhost:3000/_next/static/chunks/node_modules_next_dist_f3530cac._.js:2297
[   38548ms] [ERROR] Failed to load resource: the server responded with a status of 404 (Not Found) @ http://localhost:3000/site.webmanifest:0
[   38599ms] [ERROR] Manifest fetch from http://localhost:3000/site.webmanifest failed, code 404 @ http://localhost:3000/signup:0
[   38778ms] [ERROR] Failed to load resource: the server responded with a status of 404 (Not Found) @ http://localhost:3000/site.webmanifest:0
[   38789ms] [ERROR] Manifest fetch from http://localhost:3000/site.webmanifest failed, code 404 @ http://localhost:3000/signup:0
[   39500ms] [WARNING] [Fast Refresh] performing full reload

Fast Refresh will perform a full reload when you edit a file that's imported by modules outside of the React rendering tree.
You might have a file which exports a React component but also exports a value that is imported by a non-React component file.
Consider migrating the non-React component export to a separate file and importing it into both files.

It is also possible the parent component of the component you edited is a class component, which disables Fast Refresh.
Fast Refresh requires at least one parent function component in your React tree. @ http://localhost:3000/_next/static/chunks/node_modules_next_dist_f3530cac._.js:2297
[   39915ms] [ERROR] Failed to load resource: the server responded with a status of 404 (Not Found) @ http://localhost:3000/site.webmanifest:0
[   39943ms] [ERROR] Manifest fetch from http://localhost:3000/site.webmanifest failed, code 404 @ http://localhost:3000/signup:0
[   40152ms] [ERROR] Failed to load resource: the server responded with a status of 404 (Not Found) @ http://localhost:3000/site.webmanifest:0
[   40160ms] [ERROR] Manifest fetch from http://localhost:3000/site.webmanifest failed, code 404 @ http://localhost:3000/signup:0
[   43153ms] [WARNING] [Fast Refresh] performing full reload

Fast Refresh will perform a full reload when you edit a file that's imported by modules outside of the React rendering tree.
You might have a file which exports a React component but also exports a value that is imported by a non-React component file.
Consider migrating the non-React component export to a separate file and importing it into both files.

It is also possible the parent component of the component you edited is a class component, which disables Fast Refresh.
Fast Refresh requires at least one parent function component in your React tree. @ http://localhost:3000/_next/static/chunks/node_modules_next_dist_f3530cac._.js:2297
[   43560ms] [ERROR] Failed to load resource: the server responded with a status of 404 (Not Found) @ http://localhost:3000/site.webmanifest:0
[   43603ms] [ERROR] Manifest fetch from http://localhost:3000/site.webmanifest failed, code 404 @ http://localhost:3000/signup:0
[   43817ms] [ERROR] Failed to load resource: the server responded with a status of 404 (Not Found) @ http://localhost:3000/site.webmanifest:0
[   43826ms] [ERROR] Manifest fetch from http://localhost:3000/site.webmanifest failed, code 404 @ http://localhost:3000/signup:0
[   44269ms] [WARNING] [Fast Refresh] performing full reload

Fast Refresh will perform a full reload when you edit a file that's imported by modules outside of the React rendering tree.
You might have a file which exports a React component but also exports a value that is imported by a non-React component file.
Consider migrating the non-React component export to a separate file and importing it into both files.

It is also possible the parent component of the component you edited is a class component, which disables Fast Refresh.
Fast Refresh requires at least one parent function component in your React tree. @ http://localhost:3000/_next/static/chunks/node_modules_next_dist_f3530cac._.js:2297
[   44754ms] [ERROR] Failed to load resource: the server responded with a status of 404 (Not Found) @ http://localhost:3000/site.webmanifest:0
[   44793ms] [ERROR] Manifest fetch from http://localhost:3000/site.webmanifest failed, code 404 @ http://localhost:3000/signup:0
[   44990ms] [ERROR] Failed to load resource: the server responded with a status of 404 (Not Found) @ http://localhost:3000/site.webmanifest:0
[   44996ms] [ERROR] Manifest fetch from http://localhost:3000/site.webmanifest failed, code 404 @ http://localhost:3000/signup:0
