[    1943ms] [ERROR] Failed to load resource: the server responded with a status of 404 (Not Found) @ http://localhost:3098/site.webmanifest:0
[    1986ms] [ERROR] Manifest fetch from http://localhost:3098/site.webmanifest failed, code 404 @ http://localhost:3098/dashboard/billing:0
[    2477ms] [ERROR] %o

%s Error: Your project's URL and Key are required to create a Supabase client!

Check your Supabase project's API settings to find these values

https://supabase.com/dashboard/project/_/settings/api
    at createClient (about://React/Server/file:///home/runner/work/monorepo/monorepo/apps/daimon-saas/.next/dev/server/chunks/ssr/%5Broot-of-the-server%5D__f55e89e7._.js?48:209:208)
    at  BillingPage (about://React/Server/file:///home/runner/work/monorepo/monorepo/apps/daimon-saas/.next/dev/server/chunks/ssr/%5Broot-of-the-server%5D__f55e89e7._.js?49:523:22)
    at resolveErrorDev (http://localhost:3098/_next/static/chunks/node_modules_next_dist_compiled_react-server-dom-turbopack_9212ccad._.js:1894:148)
    at processFullStringRow (http://localhost:3098/_next/static/chunks/node_modules_next_dist_compiled_react-server-dom-turbopack_9212ccad._.js:2402:29)
    at processFullBinaryRow (http://localhost:3098/_next/static/chunks/node_modules_next_dist_compiled_react-server-dom-turbopack_9212ccad._.js:2361:9)
    at processBinaryChunk (http://localhost:3098/_next/static/chunks/node_modules_next_dist_compiled_react-server-dom-turbopack_9212ccad._.js:2470:221)
    at progress (http://localhost:3098/_next/static/chunks/node_modules_next_dist_compiled_react-server-dom-turbopack_9212ccad._.js:2640:13) The above error occurred in the <BillingPage> component. It was handled by the <ErrorBoundaryHandler> error boundary. @ http://localhost:3098/_next/static/chunks/node_modules_next_dist_client_17643121._.js:1342
[    2483ms] [ERROR] [billing error] Error: Your project's URL and Key are required to create a Supabase client!

Check your Supabase project's API settings to find these values

https://supabase.com/dashboard/project/_/settings/api
    at createClient (about://React/Server/file:///home/runner/work/monorepo/monorepo/apps/daimon-saas/.next/dev/server/chunks/ssr/%5Broot-of-the-server%5D__f55e89e7._.js?48:209:208)
    at  BillingPage (about://React/Server/file:///home/runner/work/monorepo/monorepo/apps/daimon-saas/.next/dev/server/chunks/ssr/%5Broot-of-the-server%5D__f55e89e7._.js?49:523:22)
    at resolveErrorDev (http://localhost:3098/_next/static/chunks/node_modules_next_dist_compiled_react-server-dom-turbopack_9212ccad._.js:1894:148)
    at processFullStringRow (http://localhost:3098/_next/static/chunks/node_modules_next_dist_compiled_react-server-dom-turbopack_9212ccad._.js:2402:29)
    at processFullBinaryRow (http://localhost:3098/_next/static/chunks/node_modules_next_dist_compiled_react-server-dom-turbopack_9212ccad._.js:2361:9)
    at processBinaryChunk (http://localhost:3098/_next/static/chunks/node_modules_next_dist_compiled_react-server-dom-turbopack_9212ccad._.js:2470:221)
    at progress (http://localhost:3098/_next/static/chunks/node_modules_next_dist_compiled_react-server-dom-turbopack_9212ccad._.js:2640:13) @ http://localhost:3098/_next/static/chunks/node_modules_next_dist_f3530cac._.js:3127
[    2488ms] [ERROR] [billing error] Error: Your project's URL and Key are required to create a Supabase client!

Check your Supabase project's API settings to find these values

https://supabase.com/dashboard/project/_/settings/api
    at createClient (about://React/Server/file:///home/runner/work/monorepo/monorepo/apps/daimon-saas/.next/dev/server/chunks/ssr/%5Broot-of-the-server%5D__f55e89e7._.js?48:209:208)
    at  BillingPage (about://React/Server/file:///home/runner/work/monorepo/monorepo/apps/daimon-saas/.next/dev/server/chunks/ssr/%5Broot-of-the-server%5D__f55e89e7._.js?49:523:22)
    at resolveErrorDev (http://localhost:3098/_next/static/chunks/node_modules_next_dist_compiled_react-server-dom-turbopack_9212ccad._.js:1894:148)
    at processFullStringRow (http://localhost:3098/_next/static/chunks/node_modules_next_dist_compiled_react-server-dom-turbopack_9212ccad._.js:2402:29)
    at processFullBinaryRow (http://localhost:3098/_next/static/chunks/node_modules_next_dist_compiled_react-server-dom-turbopack_9212ccad._.js:2361:9)
    at processBinaryChunk (http://localhost:3098/_next/static/chunks/node_modules_next_dist_compiled_react-server-dom-turbopack_9212ccad._.js:2470:221)
    at progress (http://localhost:3098/_next/static/chunks/node_modules_next_dist_compiled_react-server-dom-turbopack_9212ccad._.js:2640:13) @ http://localhost:3098/_next/static/chunks/node_modules_next_dist_f3530cac._.js:3127
[    2504ms] [ERROR] Failed to load resource: the server responded with a status of 404 (Not Found) @ http://localhost:3098/site.webmanifest:0
[    2505ms] [ERROR] Manifest fetch from http://localhost:3098/site.webmanifest failed, code 404 @ http://localhost:3098/dashboard/billing:0
[    2505ms] [ERROR] Failed to load resource: the server responded with a status of 404 (Not Found) @ http://localhost:3098/icon.svg:0
[  150559ms] [ERROR] WebSocket connection to 'ws://localhost:3098/_next/webpack-hmr?id=FvIfJPq5WUdFNre6seJ38' failed:  @ http://localhost:3098/_next/static/chunks/node_modules_next_dist_client_17643121._.js:10878
[  366902ms] [ERROR] WebSocket connection to 'ws://localhost:3098/_next/webpack-hmr?id=FvIfJPq5WUdFNre6seJ38' failed:  @ http://localhost:3098/_next/static/chunks/node_modules_next_dist_client_17643121._.js:10878
[  546161ms] [ERROR] WebSocket connection to 'ws://localhost:3098/_next/webpack-hmr?id=FvIfJPq5WUdFNre6seJ38' failed:  @ http://localhost:3098/_next/static/chunks/node_modules_next_dist_client_17643121._.js:10878
[  597888ms] [ERROR] WebSocket connection to 'ws://localhost:3098/_next/webpack-hmr?id=FvIfJPq5WUdFNre6seJ38' failed: Error in connection establishment: net::ERR_CONNECTION_REFUSED @ http://localhost:3098/_next/static/chunks/node_modules_next_dist_client_17643121._.js:10878
[  598889ms] [ERROR] WebSocket connection to 'ws://localhost:3098/_next/webpack-hmr?id=FvIfJPq5WUdFNre6seJ38' failed: Error in connection establishment: net::ERR_CONNECTION_REFUSED @ http://localhost:3098/_next/static/chunks/node_modules_next_dist_client_17643121._.js:10878
[  599891ms] [ERROR] WebSocket connection to 'ws://localhost:3098/_next/webpack-hmr?id=FvIfJPq5WUdFNre6seJ38' failed: Error in connection establishment: net::ERR_CONNECTION_REFUSED @ http://localhost:3098/_next/static/chunks/node_modules_next_dist_client_17643121._.js:10878
[  600892ms] [ERROR] WebSocket connection to 'ws://localhost:3098/_next/webpack-hmr?id=FvIfJPq5WUdFNre6seJ38' failed: Error in connection establishment: net::ERR_CONNECTION_REFUSED @ http://localhost:3098/_next/static/chunks/node_modules_next_dist_client_17643121._.js:10878
[  601894ms] [ERROR] WebSocket connection to 'ws://localhost:3098/_next/webpack-hmr?id=FvIfJPq5WUdFNre6seJ38' failed: Error in connection establishment: net::ERR_CONNECTION_REFUSED @ http://localhost:3098/_next/static/chunks/node_modules_next_dist_client_17643121._.js:10878
