[     220ms] [ERROR] Failed to load resource: the server responded with a status of 404 (Not Found) @ http://localhost:3000/site.webmanifest:0
[     284ms] [ERROR] Manifest fetch from http://localhost:3000/site.webmanifest failed, code 404 @ http://localhost:3000/dashboard/settings:0
[     522ms] [ERROR] %o

%s Error: Your project's URL and Key are required to create a Supabase client!

Check your Supabase project's API settings to find these values

https://supabase.com/dashboard/project/_/settings/api
    at createClient (about://React/Server/file:///home/runner/work/monorepo/monorepo/apps/daimon-saas/.next/dev/server/chunks/ssr/%5Broot-of-the-server%5D__8ebfb2fb._.js?52:54:208)
    at  SettingsPage (about://React/Server/file:///home/runner/work/monorepo/monorepo/apps/daimon-saas/.next/dev/server/chunks/ssr/%5Broot-of-the-server%5D__69064a83._.js?53:176:22)
    at resolveErrorDev (http://localhost:3000/_next/static/chunks/node_modules_next_dist_compiled_react-server-dom-turbopack_9212ccad._.js:1894:148)
    at processFullStringRow (http://localhost:3000/_next/static/chunks/node_modules_next_dist_compiled_react-server-dom-turbopack_9212ccad._.js:2402:29)
    at processFullBinaryRow (http://localhost:3000/_next/static/chunks/node_modules_next_dist_compiled_react-server-dom-turbopack_9212ccad._.js:2361:9)
    at processBinaryChunk (http://localhost:3000/_next/static/chunks/node_modules_next_dist_compiled_react-server-dom-turbopack_9212ccad._.js:2470:221)
    at progress (http://localhost:3000/_next/static/chunks/node_modules_next_dist_compiled_react-server-dom-turbopack_9212ccad._.js:2640:13) The above error occurred in the <SettingsPage> component. It was handled by the <ErrorBoundaryHandler> error boundary. @ http://localhost:3000/_next/static/chunks/node_modules_next_dist_client_17643121._.js:1342
[     540ms] [ERROR] [settings error] Error: Your project's URL and Key are required to create a Supabase client!

Check your Supabase project's API settings to find these values

https://supabase.com/dashboard/project/_/settings/api
    at createClient (about://React/Server/file:///home/runner/work/monorepo/monorepo/apps/daimon-saas/.next/dev/server/chunks/ssr/%5Broot-of-the-server%5D__8ebfb2fb._.js?52:54:208)
    at  SettingsPage (about://React/Server/file:///home/runner/work/monorepo/monorepo/apps/daimon-saas/.next/dev/server/chunks/ssr/%5Broot-of-the-server%5D__69064a83._.js?53:176:22)
    at resolveErrorDev (http://localhost:3000/_next/static/chunks/node_modules_next_dist_compiled_react-server-dom-turbopack_9212ccad._.js:1894:148)
    at processFullStringRow (http://localhost:3000/_next/static/chunks/node_modules_next_dist_compiled_react-server-dom-turbopack_9212ccad._.js:2402:29)
    at processFullBinaryRow (http://localhost:3000/_next/static/chunks/node_modules_next_dist_compiled_react-server-dom-turbopack_9212ccad._.js:2361:9)
    at processBinaryChunk (http://localhost:3000/_next/static/chunks/node_modules_next_dist_compiled_react-server-dom-turbopack_9212ccad._.js:2470:221)
    at progress (http://localhost:3000/_next/static/chunks/node_modules_next_dist_compiled_react-server-dom-turbopack_9212ccad._.js:2640:13) @ http://localhost:3000/_next/static/chunks/node_modules_next_dist_f3530cac._.js:3127
[     542ms] [ERROR] [settings error] Error: Your project's URL and Key are required to create a Supabase client!

Check your Supabase project's API settings to find these values

https://supabase.com/dashboard/project/_/settings/api
    at createClient (about://React/Server/file:///home/runner/work/monorepo/monorepo/apps/daimon-saas/.next/dev/server/chunks/ssr/%5Broot-of-the-server%5D__8ebfb2fb._.js?52:54:208)
    at  SettingsPage (about://React/Server/file:///home/runner/work/monorepo/monorepo/apps/daimon-saas/.next/dev/server/chunks/ssr/%5Broot-of-the-server%5D__69064a83._.js?53:176:22)
    at resolveErrorDev (http://localhost:3000/_next/static/chunks/node_modules_next_dist_compiled_react-server-dom-turbopack_9212ccad._.js:1894:148)
    at processFullStringRow (http://localhost:3000/_next/static/chunks/node_modules_next_dist_compiled_react-server-dom-turbopack_9212ccad._.js:2402:29)
    at processFullBinaryRow (http://localhost:3000/_next/static/chunks/node_modules_next_dist_compiled_react-server-dom-turbopack_9212ccad._.js:2361:9)
    at processBinaryChunk (http://localhost:3000/_next/static/chunks/node_modules_next_dist_compiled_react-server-dom-turbopack_9212ccad._.js:2470:221)
    at progress (http://localhost:3000/_next/static/chunks/node_modules_next_dist_compiled_react-server-dom-turbopack_9212ccad._.js:2640:13) @ http://localhost:3000/_next/static/chunks/node_modules_next_dist_f3530cac._.js:3127
[     605ms] [ERROR] Failed to load resource: the server responded with a status of 404 (Not Found) @ http://localhost:3000/site.webmanifest:0
[     615ms] [ERROR] Manifest fetch from http://localhost:3000/site.webmanifest failed, code 404 @ http://localhost:3000/dashboard/settings:0
[   52780ms] [ERROR] Failed to load resource: the server responded with a status of 404 (Not Found) @ http://localhost:3000/site.webmanifest:0
[   52790ms] [ERROR] Manifest fetch from http://localhost:3000/site.webmanifest failed, code 404 @ http://localhost:3000/dashboard/settings:0
[   56823ms] [ERROR] Failed to load resource: the server responded with a status of 404 (Not Found) @ http://localhost:3000/site.webmanifest:0
[   56830ms] [ERROR] Manifest fetch from http://localhost:3000/site.webmanifest failed, code 404 @ http://localhost:3000/dashboard/settings:0
[   90021ms] [ERROR] WebSocket connection to 'ws://localhost:3000/_next/webpack-hmr?id=UnwjBUa0M9H8W-0XEs41K' failed: Error in connection establishment: net::ERR_CONNECTION_REFUSED @ http://localhost:3000/_next/static/chunks/node_modules_next_dist_client_17643121._.js:10878
[   91023ms] [ERROR] WebSocket connection to 'ws://localhost:3000/_next/webpack-hmr?id=UnwjBUa0M9H8W-0XEs41K' failed: Error in connection establishment: net::ERR_CONNECTION_REFUSED @ http://localhost:3000/_next/static/chunks/node_modules_next_dist_client_17643121._.js:10878
[   92024ms] [ERROR] WebSocket connection to 'ws://localhost:3000/_next/webpack-hmr?id=UnwjBUa0M9H8W-0XEs41K' failed: Error in connection establishment: net::ERR_CONNECTION_REFUSED @ http://localhost:3000/_next/static/chunks/node_modules_next_dist_client_17643121._.js:10878
[   95136ms] [ERROR] Failed to load resource: the server responded with a status of 404 (Not Found) @ http://localhost:3000/site.webmanifest:0
[   95172ms] [ERROR] Manifest fetch from http://localhost:3000/site.webmanifest failed, code 404 @ http://localhost:3000/dashboard/settings:0
[   95593ms] [ERROR] Failed to load resource: the server responded with a status of 404 (Not Found) @ http://localhost:3000/site.webmanifest:0
[   95601ms] [ERROR] Manifest fetch from http://localhost:3000/site.webmanifest failed, code 404 @ http://localhost:3000/dashboard/settings:0
