[    1372ms] [ERROR] Failed to load resource: the server responded with a status of 404 (Not Found) @ http://localhost:3000/site.webmanifest:0
[    1431ms] [ERROR] Manifest fetch from http://localhost:3000/site.webmanifest failed, code 404 @ http://localhost:3000/admin/tenants:76
[    1649ms] [ERROR] %o

%s Error: Missing Supabase admin credentials
    at createSupabaseAdminClient (about://React/Server/file:///home/runner/work/monorepo/monorepo/apps/daimon-saas/.next/dev/server/chunks/ssr/%5Broot-of-the-server%5D__150df886._.js?42:45:15)
    at AdminTenantsPage (about://React/Server/file:///home/runner/work/monorepo/monorepo/apps/daimon-saas/.next/dev/server/chunks/ssr/%5Broot-of-the-server%5D__150df886._.js?43:695:188)
    at resolveErrorDev (http://localhost:3000/_next/static/chunks/node_modules_next_dist_compiled_react-server-dom-turbopack_9212ccad._.js:1894:148)
    at processFullStringRow (http://localhost:3000/_next/static/chunks/node_modules_next_dist_compiled_react-server-dom-turbopack_9212ccad._.js:2402:29)
    at processFullBinaryRow (http://localhost:3000/_next/static/chunks/node_modules_next_dist_compiled_react-server-dom-turbopack_9212ccad._.js:2361:9)
    at processBinaryChunk (http://localhost:3000/_next/static/chunks/node_modules_next_dist_compiled_react-server-dom-turbopack_9212ccad._.js:2470:221)
    at progress (http://localhost:3000/_next/static/chunks/node_modules_next_dist_compiled_react-server-dom-turbopack_9212ccad._.js:2640:13) The above error occurred in the <AdminTenantsPage> component. It was handled by the <ErrorBoundaryHandler> error boundary. @ http://localhost:3000/_next/static/chunks/node_modules_next_dist_client_17643121._.js:1342
[    1664ms] [ERROR] [admin error] Error: Missing Supabase admin credentials
    at createSupabaseAdminClient (about://React/Server/file:///home/runner/work/monorepo/monorepo/apps/daimon-saas/.next/dev/server/chunks/ssr/%5Broot-of-the-server%5D__150df886._.js?42:45:15)
    at AdminTenantsPage (about://React/Server/file:///home/runner/work/monorepo/monorepo/apps/daimon-saas/.next/dev/server/chunks/ssr/%5Broot-of-the-server%5D__150df886._.js?43:695:188)
    at resolveErrorDev (http://localhost:3000/_next/static/chunks/node_modules_next_dist_compiled_react-server-dom-turbopack_9212ccad._.js:1894:148)
    at processFullStringRow (http://localhost:3000/_next/static/chunks/node_modules_next_dist_compiled_react-server-dom-turbopack_9212ccad._.js:2402:29)
    at processFullBinaryRow (http://localhost:3000/_next/static/chunks/node_modules_next_dist_compiled_react-server-dom-turbopack_9212ccad._.js:2361:9)
    at processBinaryChunk (http://localhost:3000/_next/static/chunks/node_modules_next_dist_compiled_react-server-dom-turbopack_9212ccad._.js:2470:221)
    at progress (http://localhost:3000/_next/static/chunks/node_modules_next_dist_compiled_react-server-dom-turbopack_9212ccad._.js:2640:13) @ http://localhost:3000/_next/static/chunks/node_modules_next_dist_f3530cac._.js:3127
[    1665ms] [ERROR] [admin error] Error: Missing Supabase admin credentials
    at createSupabaseAdminClient (about://React/Server/file:///home/runner/work/monorepo/monorepo/apps/daimon-saas/.next/dev/server/chunks/ssr/%5Broot-of-the-server%5D__150df886._.js?42:45:15)
    at AdminTenantsPage (about://React/Server/file:///home/runner/work/monorepo/monorepo/apps/daimon-saas/.next/dev/server/chunks/ssr/%5Broot-of-the-server%5D__150df886._.js?43:695:188)
    at resolveErrorDev (http://localhost:3000/_next/static/chunks/node_modules_next_dist_compiled_react-server-dom-turbopack_9212ccad._.js:1894:148)
    at processFullStringRow (http://localhost:3000/_next/static/chunks/node_modules_next_dist_compiled_react-server-dom-turbopack_9212ccad._.js:2402:29)
    at processFullBinaryRow (http://localhost:3000/_next/static/chunks/node_modules_next_dist_compiled_react-server-dom-turbopack_9212ccad._.js:2361:9)
    at processBinaryChunk (http://localhost:3000/_next/static/chunks/node_modules_next_dist_compiled_react-server-dom-turbopack_9212ccad._.js:2470:221)
    at progress (http://localhost:3000/_next/static/chunks/node_modules_next_dist_compiled_react-server-dom-turbopack_9212ccad._.js:2640:13) @ http://localhost:3000/_next/static/chunks/node_modules_next_dist_f3530cac._.js:3127
[    1693ms] [ERROR] Failed to load resource: the server responded with a status of 404 (Not Found) @ http://localhost:3000/site.webmanifest:0
[    1705ms] [ERROR] Manifest fetch from http://localhost:3000/site.webmanifest failed, code 404 @ http://localhost:3000/admin/tenants:0
[   52722ms] [ERROR] Failed to load resource: the server responded with a status of 404 (Not Found) @ http://localhost:3000/site.webmanifest:0
[   52733ms] [ERROR] Manifest fetch from http://localhost:3000/site.webmanifest failed, code 404 @ http://localhost:3000/admin/tenants:0
