[    1554ms] [ERROR] Failed to load resource: the server responded with a status of 404 (Not Found) @ http://localhost:3000/site.webmanifest:0
[    1643ms] [ERROR] Manifest fetch from http://localhost:3000/site.webmanifest failed, code 404 @ http://localhost:3000/admin/tenants/test-id:76
[    1967ms] Error: Switched to client rendering because the server rendering errored:

Module [project]/src/app/admin/tenants/[id]/tenant-detail-client.tsx [app-ssr] (ecmascript) was instantiated because it was required from module [project]/node_modules/next/dist/esm/build/templates/app-page.js?page=/_not-found/page { METADATA_0 => "[project]/src/app/favicon.ico.mjs { IMAGE => \"[project]/src/app/favicon.ico (static in ecmascript, tag client)\" } [app-rsc] (structured image object, ecmascript, Next.js Server Component)", MODULE_1 => "[project]/src/app/layout.tsx [app-rsc] (ecmascript, Next.js Server Component)", MODULE_2 => "[project]/src/app/error.tsx [app-rsc] (ecmascript, Next.js Server Component)", MODULE_3 => "[project]/src/app/not-found.tsx [app-rsc] (ecmascript, Next.js Server Component)", MODULE_4 => "[project]/node_modules/next/dist/client/components/builtin/forbidden.js [app-rsc] (ecmascript, Next.js Server Component)", MODULE_5 => "[project]/node_modules/next/dist/client/components/builtin/unauthorized.js [app-rsc] (ecmascript, Next.js Server Component)", MODULE_6 => "[project]/src/app/not-found.tsx [app-rsc] (ecmascript, Next.js Server Component)" } [app-rsc] (ecmascript) <locals>, but the module factory is not available.
    at instantiateModule (/home/runner/work/monorepo/monorepo/apps/daimon-saas/.next/dev/server/chunks/ssr/[turbopack]_runtime.js:732:15)
    at getOrInstantiateModuleFromParent (/home/runner/work/monorepo/monorepo/apps/daimon-saas/.next/dev/server/chunks/ssr/[turbopack]_runtime.js:763:12)
    at Context.commonJsRequire [as r] (/home/runner/work/monorepo/monorepo/apps/daimon-saas/.next/dev/server/chunks/ssr/[turbopack]_runtime.js:249:12)
    at Object.require (/home/runner/work/monorepo/monorepo/apps/daimon-saas/node_modules/next/dist/compiled/next-server/app-page-turbo.runtime.dev.js:41:35380)
    at globalThis.__next_require__ (/home/runner/work/monorepo/monorepo/apps/daimon-saas/node_modules/next/dist/compiled/next-server/app-page-turbo.runtime.dev.js:41:36179)
    at requireModule (/home/runner/work/monorepo/monorepo/apps/daimon-saas/node_modules/next/dist/compiled/next-server/app-page-turbo.runtime.dev.js:2:337234)
    at initializeModuleChunk (/home/runner/work/monorepo/monorepo/apps/daimon-saas/node_modules/next/dist/compiled/next-server/app-page-turbo.runtime.dev.js:2:377233)
    at readChunk (/home/runner/work/monorepo/monorepo/apps/daimon-saas/node_modules/next/dist/compiled/next-server/app-page-turbo.runtime.dev.js:2:369473)
    at getComponentNameFromType (/home/runner/work/monorepo/monorepo/apps/daimon-saas/node_modules/next/dist/compiled/next-server/app-page-turbo.runtime.dev.js:2:78389)
    at retryNode (/home/runner/work/monorepo/monorepo/apps/daimon-saas/node_modules/next/dist/compiled/next-server/app-page-turbo.runtime.dev.js:2:200829)
    at renderNodeDestructive (/home/runner/work/monorepo/monorepo/apps/daimon-saas/node_modules/next/dist/compiled/next-server/app-page-turbo.runtime.dev.js:2:200452)
    at renderNode (/home/runner/work/monorepo/monorepo/apps/daimon-saas/node_modules/next/dist/compiled/next-server/app-page-turbo.runtime.dev.js:2:212370)
    at renderElement (/home/runner/work/monorepo/monorepo/apps/daimon-saas/node_modules/next/dist/compiled/next-server/app-page-turbo.runtime.dev.js:2:181071)
    at retryNode (/home/runner/work/monorepo/monorepo/apps/daimon-saas/node_modules/next/dist/compiled/next-server/app-page-turbo.runtime.dev.js:2:201217)
    at renderNodeDestructive (/home/runner/work/monorepo/monorepo/apps/daimon-saas/node_modules/next/dist/compiled/next-server/app-page-turbo.runtime.dev.js:2:200452)
    at renderNode (/home/runner/work/monorepo/monorepo/apps/daimon-saas/node_modules/next/dist/compiled/next-server/app-page-turbo.runtime.dev.js:2:212370)
    at renderChildrenArray (/home/runner/work/monorepo/monorepo/apps/daimon-saas/node_modules/next/dist/compiled/next-server/app-page-turbo.runtime.dev.js:2:206931)
    at retryNode (/home/runner/work/monorepo/monorepo/apps/daimon-saas/node_modules/next/dist/compiled/next-server/app-page-turbo.runtime.dev.js:2:201694)
    at renderNodeDestructive (/home/runner/work/monorepo/monorepo/apps/daimon-saas/node_modules/next/dist/compiled/next-server/app-page-turbo.runtime.dev.js:2:200452)
    at renderNode (/home/runner/work/monorepo/monorepo/apps/daimon-saas/node_modules/next/dist/compiled/next-server/app-page-turbo.runtime.dev.js:2:212370)
    at renderElement (/home/runner/work/monorepo/monorepo/apps/daimon-saas/node_modules/next/dist/compiled/next-server/app-page-turbo.runtime.dev.js:2:181071)
    at retryNode (/home/runner/work/monorepo/monorepo/apps/daimon-saas/node_modules/next/dist/compiled/next-server/app-page-turbo.runtime.dev.js:2:201217)
    at renderNodeDestructive (/home/runner/work/monorepo/monorepo/apps/daimon-saas/node_modules/next/dist/compiled/next-server/app-page-turbo.runtime.dev.js:2:200452)
    at renderNode (/home/runner/work/monorepo/monorepo/apps/daimon-saas/node_modules/next/dist/compiled/next-server/app-page-turbo.runtime.dev.js:2:212370)
    at renderChildrenArray (/home/runner/work/monorepo/monorepo/apps/daimon-saas/node_modules/next/dist/compiled/next-server/app-page-turbo.runtime.dev.js:2:206931)
    at retryNode (/home/runner/work/monorepo/monorepo/apps/daimon-saas/node_modules/next/dist/compiled/next-server/app-page-turbo.runtime.dev.js:2:201694)
    at renderNodeDestructive (/home/runner/work/monorepo/monorepo/apps/daimon-saas/node_modules/next/dist/compiled/next-server/app-page-turbo.runtime.dev.js:2:200452)
    at renderNode (/home/runner/work/monorepo/monorepo/apps/daimon-saas/node_modules/next/dist/compiled/next-server/app-page-turbo.runtime.dev.js:2:212370)
    at renderElement (/home/runner/work/monorepo/monorepo/apps/daimon-saas/node_modules/next/dist/compiled/next-server/app-page-turbo.runtime.dev.js:2:181071)
    at retryNode (/home/runner/work/monorepo/monorepo/apps/daimon-saas/node_modules/next/dist/compiled/next-server/app-page-turbo.runtime.dev.js:2:201217)
    at renderNodeDestructive (/home/runner/work/monorepo/monorepo/apps/daimon-saas/node_modules/next/dist/compiled/next-server/app-page-turbo.runtime.dev.js:2:200452)
    at renderNode (/home/runner/work/monorepo/monorepo/apps/daimon-saas/node_modules/next/dist/compiled/next-server/app-page-turbo.runtime.dev.js:2:212370)
    at renderChildrenArray (/home/runner/work/monorepo/monorepo/apps/daimon-saas/node_modules/next/dist/compiled/next-server/app-page-turbo.runtime.dev.js:2:206931)
    at retryNode (/home/runner/work/monorepo/monorepo/apps/daimon-saas/node_modules/next/dist/compiled/next-server/app-page-turbo.runtime.dev.js:2:201694)
    at renderNodeDestructive (/home/runner/work/monorepo/monorepo/apps/daimon-saas/node_modules/next/dist/compiled/next-server/app-page-turbo.runtime.dev.js:2:200452)
    at renderElement (/home/runner/work/monorepo/monorepo/apps/daimon-saas/node_modules/next/dist/compiled/next-server/app-page-turbo.runtime.dev.js:2:181971)
    at retryNode (/home/runner/work/monorepo/monorepo/apps/daimon-saas/node_modules/next/dist/compiled/next-server/app-page-turbo.runtime.dev.js:2:201217)
    at renderNodeDestructive (/home/runner/work/monorepo/monorepo/apps/daimon-saas/node_modules/next/dist/compiled/next-server/app-page-turbo.runtime.dev.js:2:200452)
    at finishFunctionComponent (/home/runner/work/monorepo/monorepo/apps/daimon-saas/node_modules/next/dist/compiled/next-server/app-page-turbo.runtime.dev.js:2:118647)
    at renderElement (/home/runner/work/monorepo/monorepo/apps/daimon-saas/node_modules/next/dist/compiled/next-server/app-page-turbo.runtime.dev.js:2:133818)
    at renderElement (/home/runner/work/monorepo/monorepo/apps/daimon-saas/node_modules/next/dist/compiled/next-server/app-page-turbo.runtime.dev.js:2:194251)
    at retryNode (/home/runner/work/monorepo/monorepo/apps/daimon-saas/node_modules/next/dist/compiled/next-server/app-page-turbo.runtime.dev.js:2:201217)
    at renderNodeDestructive (/home/runner/work/monorepo/monorepo/apps/daimon-saas/node_modules/next/dist/compiled/next-server/app-page-turbo.runtime.dev.js:2:200452)
    at retryNode (/home/runner/work/monorepo/monorepo/apps/daimon-saas/node_modules/next/dist/compiled/next-server/app-page-turbo.runtime.dev.js:2:201602)
    at performWork (/home/runner/work/monorepo/monorepo/apps/daimon-saas/node_modules/next/dist/compiled/next-server/app-page-turbo.runtime.dev.js:2:223124)
    at Immediate._onImmediate (/home/runner/work/monorepo/monorepo/apps/daimon-saas/node_modules/next/dist/compiled/next-server/app-page-turbo.runtime.dev.js:2:102565)
    at process.processImmediate (node:internal/timers:485:21)
    at process.callbackTrampoline (node:internal/async_hooks:130:17)
[    1983ms] [ERROR] Failed to load resource: the server responded with a status of 404 (Not Found) @ http://localhost:3000/site.webmanifest:0
[    1983ms] [ERROR] Manifest fetch from http://localhost:3000/site.webmanifest failed, code 404 @ http://localhost:3000/admin/tenants/test-id:0
