[    1602ms] [ERROR] Failed to load resource: the server responded with a status of 404 (Not Found) @ http://localhost:3088/site.webmanifest:0
[    1675ms] [ERROR] Manifest fetch from http://localhost:3088/site.webmanifest failed, code 404 @ http://localhost:3088/admin/tenants/test-id:156
[    1934ms] [ERROR] %o

%s Error: Missing Supabase admin credentials
    at createSupabaseAdminClient (about://React/Server/file:///home/runner/work/monorepo/monorepo/apps/daimon-saas/.next/dev/server/chunks/ssr/%5Broot-of-the-server%5D__63dac6dd._.js?48:49:15)
    at AdminTenantDetailPage (about://React/Server/file:///home/runner/work/monorepo/monorepo/apps/daimon-saas/.next/dev/server/chunks/ssr/%5Broot-of-the-server%5D__63dac6dd._.js?49:125:183)
    at resolveErrorDev (http://localhost:3088/_next/static/chunks/node_modules_next_dist_compiled_react-server-dom-turbopack_9212ccad._.js:1894:148)
    at processFullStringRow (http://localhost:3088/_next/static/chunks/node_modules_next_dist_compiled_react-server-dom-turbopack_9212ccad._.js:2402:29)
    at processFullBinaryRow (http://localhost:3088/_next/static/chunks/node_modules_next_dist_compiled_react-server-dom-turbopack_9212ccad._.js:2361:9)
    at processBinaryChunk (http://localhost:3088/_next/static/chunks/node_modules_next_dist_compiled_react-server-dom-turbopack_9212ccad._.js:2470:221)
    at progress (http://localhost:3088/_next/static/chunks/node_modules_next_dist_compiled_react-server-dom-turbopack_9212ccad._.js:2640:13) The above error occurred in the <AdminTenantDetailPage> component. It was handled by the <ErrorBoundaryHandler> error boundary. @ http://localhost:3088/_next/static/chunks/node_modules_next_dist_client_17643121._.js:1342
[    1959ms] [ERROR] [admin error] Error: Missing Supabase admin credentials
    at createSupabaseAdminClient (about://React/Server/file:///home/runner/work/monorepo/monorepo/apps/daimon-saas/.next/dev/server/chunks/ssr/%5Broot-of-the-server%5D__63dac6dd._.js?48:49:15)
    at AdminTenantDetailPage (about://React/Server/file:///home/runner/work/monorepo/monorepo/apps/daimon-saas/.next/dev/server/chunks/ssr/%5Broot-of-the-server%5D__63dac6dd._.js?49:125:183)
    at resolveErrorDev (http://localhost:3088/_next/static/chunks/node_modules_next_dist_compiled_react-server-dom-turbopack_9212ccad._.js:1894:148)
    at processFullStringRow (http://localhost:3088/_next/static/chunks/node_modules_next_dist_compiled_react-server-dom-turbopack_9212ccad._.js:2402:29)
    at processFullBinaryRow (http://localhost:3088/_next/static/chunks/node_modules_next_dist_compiled_react-server-dom-turbopack_9212ccad._.js:2361:9)
    at processBinaryChunk (http://localhost:3088/_next/static/chunks/node_modules_next_dist_compiled_react-server-dom-turbopack_9212ccad._.js:2470:221)
    at progress (http://localhost:3088/_next/static/chunks/node_modules_next_dist_compiled_react-server-dom-turbopack_9212ccad._.js:2640:13) @ http://localhost:3088/_next/static/chunks/node_modules_next_dist_f3530cac._.js:3127
[    1962ms] [ERROR] [admin error] Error: Missing Supabase admin credentials
    at createSupabaseAdminClient (about://React/Server/file:///home/runner/work/monorepo/monorepo/apps/daimon-saas/.next/dev/server/chunks/ssr/%5Broot-of-the-server%5D__63dac6dd._.js?48:49:15)
    at AdminTenantDetailPage (about://React/Server/file:///home/runner/work/monorepo/monorepo/apps/daimon-saas/.next/dev/server/chunks/ssr/%5Broot-of-the-server%5D__63dac6dd._.js?49:125:183)
    at resolveErrorDev (http://localhost:3088/_next/static/chunks/node_modules_next_dist_compiled_react-server-dom-turbopack_9212ccad._.js:1894:148)
    at processFullStringRow (http://localhost:3088/_next/static/chunks/node_modules_next_dist_compiled_react-server-dom-turbopack_9212ccad._.js:2402:29)
    at processFullBinaryRow (http://localhost:3088/_next/static/chunks/node_modules_next_dist_compiled_react-server-dom-turbopack_9212ccad._.js:2361:9)
    at processBinaryChunk (http://localhost:3088/_next/static/chunks/node_modules_next_dist_compiled_react-server-dom-turbopack_9212ccad._.js:2470:221)
    at progress (http://localhost:3088/_next/static/chunks/node_modules_next_dist_compiled_react-server-dom-turbopack_9212ccad._.js:2640:13) @ http://localhost:3088/_next/static/chunks/node_modules_next_dist_f3530cac._.js:3127
[    1986ms] [ERROR] Failed to load resource: the server responded with a status of 404 (Not Found) @ http://localhost:3088/site.webmanifest:0
[    2003ms] [ERROR] Manifest fetch from http://localhost:3088/site.webmanifest failed, code 404 @ http://localhost:3088/admin/tenants/test-id:0
[   47959ms] [ERROR] Failed to load resource: the server responded with a status of 404 (Not Found) @ http://localhost:3088/site.webmanifest:0
[   47972ms] [ERROR] Manifest fetch from http://localhost:3088/site.webmanifest failed, code 404 @ http://localhost:3088/admin/tenants/test-id:0
[   65852ms] [ERROR] WebSocket connection to 'ws://localhost:3088/_next/webpack-hmr?id=SqczYuCQe7swg6jNcgOXv' failed: Error in connection establishment: net::ERR_CONNECTION_REFUSED @ http://localhost:3088/_next/static/chunks/node_modules_next_dist_client_17643121._.js:10878
[   66853ms] [ERROR] WebSocket connection to 'ws://localhost:3088/_next/webpack-hmr?id=SqczYuCQe7swg6jNcgOXv' failed: Error in connection establishment: net::ERR_CONNECTION_REFUSED @ http://localhost:3088/_next/static/chunks/node_modules_next_dist_client_17643121._.js:10878
[   67855ms] [ERROR] WebSocket connection to 'ws://localhost:3088/_next/webpack-hmr?id=SqczYuCQe7swg6jNcgOXv' failed: Error in connection establishment: net::ERR_CONNECTION_REFUSED @ http://localhost:3088/_next/static/chunks/node_modules_next_dist_client_17643121._.js:10878
[   68860ms] [ERROR] WebSocket connection to 'ws://localhost:3088/_next/webpack-hmr?id=SqczYuCQe7swg6jNcgOXv' failed: Error in connection establishment: net::ERR_CONNECTION_REFUSED @ http://localhost:3088/_next/static/chunks/node_modules_next_dist_client_17643121._.js:10878
[   69861ms] [ERROR] WebSocket connection to 'ws://localhost:3088/_next/webpack-hmr?id=SqczYuCQe7swg6jNcgOXv' failed: Error in connection establishment: net::ERR_CONNECTION_REFUSED @ http://localhost:3088/_next/static/chunks/node_modules_next_dist_client_17643121._.js:10878
[   74862ms] [ERROR] WebSocket connection to 'ws://localhost:3088/_next/webpack-hmr?id=SqczYuCQe7swg6jNcgOXv' failed: Error in connection establishment: net::ERR_CONNECTION_REFUSED @ http://localhost:3088/_next/static/chunks/node_modules_next_dist_client_17643121._.js:10878
[   79864ms] [ERROR] WebSocket connection to 'ws://localhost:3088/_next/webpack-hmr?id=SqczYuCQe7swg6jNcgOXv' failed: Error in connection establishment: net::ERR_CONNECTION_REFUSED @ http://localhost:3088/_next/static/chunks/node_modules_next_dist_client_17643121._.js:10878
