[  154192ms] [ERROR] Failed to load resource: net::ERR_CONNECTION_RESET @ http://localhost:5174/src/App.tsx?t=1774087465162:0
[  154193ms] [ERROR] [vite] Failed to reload /src/App.tsx. This could be due to syntax errors or importing non-existent modules. (see errors above) @ http://localhost:5174/@vite/client:881
[  154197ms] [ERROR] Failed to load resource: net::ERR_CONNECTION_REFUSED @ http://localhost:5174/src/components/onboarding/OnboardingForm.tsx?t=1774087465163:0
[  154197ms] [ERROR] [vite] Failed to reload /src/components/onboarding/OnboardingForm.tsx. This could be due to syntax errors or importing non-existent modules. (see errors above) @ http://localhost:5174/@vite/client:881
[  154201ms] [ERROR] Failed to load resource: net::ERR_CONNECTION_REFUSED @ http://localhost:5174/src/components/landing/QuickCalculator.tsx?t=1774087465163:0
[  154201ms] [ERROR] [vite] Failed to reload /src/components/landing/QuickCalculator.tsx. This could be due to syntax errors or importing non-existent modules. (see errors above) @ http://localhost:5174/@vite/client:881
[  154204ms] [ERROR] Failed to load resource: net::ERR_CONNECTION_REFUSED @ http://localhost:5174/src/components/results/BalancePayableSection.tsx?t=1774087465163:0
[  154204ms] [ERROR] [vite] Failed to reload /src/components/results/BalancePayableSection.tsx. This could be due to syntax errors or importing non-existent modules. (see errors above) @ http://localhost:5174/@vite/client:881
[  154207ms] [ERROR] Failed to load resource: net::ERR_CONNECTION_REFUSED @ http://localhost:5174/src/components/results/BirFormRecommendation.tsx?t=1774087465163:0
[  154208ms] [ERROR] [vite] Failed to reload /src/components/results/BirFormRecommendation.tsx. This could be due to syntax errors or importing non-existent modules. (see errors above) @ http://localhost:5174/@vite/client:881
[  154210ms] [ERROR] Failed to load resource: net::ERR_CONNECTION_REFUSED @ http://localhost:5174/src/components/results/CollapsibleResultSection.tsx?t=1774087465163:0
[  154211ms] [ERROR] [vite] Failed to reload /src/components/results/CollapsibleResultSection.tsx. This could be due to syntax errors or importing non-existent modules. (see errors above) @ http://localhost:5174/@vite/client:881
[  154213ms] [ERROR] Failed to load resource: net::ERR_CONNECTION_REFUSED @ http://localhost:5174/src/components/results/HeroNumber.tsx?t=1774087465163:0
[  154214ms] [ERROR] [vite] Failed to reload /src/components/results/HeroNumber.tsx. This could be due to syntax errors or importing non-existent modules. (see errors above) @ http://localhost:5174/@vite/client:881
[  154218ms] [ERROR] Failed to load resource: net::ERR_CONNECTION_REFUSED @ http://localhost:5174/src/components/results/InstallmentSection.tsx?t=1774087465163:0
[  154219ms] [ERROR] [vite] Failed to reload /src/components/results/InstallmentSection.tsx. This could be due to syntax errors or importing non-existent modules. (see errors above) @ http://localhost:5174/@vite/client:881
[  154222ms] [ERROR] Failed to load resource: net::ERR_CONNECTION_REFUSED @ http://localhost:5174/src/components/results/ManualReviewFlags.tsx?t=1774087465163:0
[  154222ms] [ERROR] [vite] Failed to reload /src/components/results/ManualReviewFlags.tsx. This could be due to syntax errors or importing non-existent modules. (see errors above) @ http://localhost:5174/@vite/client:881
[  154233ms] [ERROR] Failed to load resource: the server responded with a status of 404 (Not Found) @ http://localhost:5174/src/components/results/PathDetailAccordion.tsx?t=1774087465163:0
[  154234ms] [ERROR] [vite] Failed to reload /src/components/results/PathDetailAccordion.tsx. This could be due to syntax errors or importing non-existent modules. (see errors above) @ http://localhost:5174/@vite/client:881
[  154240ms] [ERROR] Failed to load resource: the server responded with a status of 404 (Not Found) @ http://localhost:5174/src/components/results/PenaltySummary.tsx?t=1774087465163:0
[  154241ms] [ERROR] [vite] Failed to reload /src/components/results/PenaltySummary.tsx. This could be due to syntax errors or importing non-existent modules. (see errors above) @ http://localhost:5174/@vite/client:881
[  154248ms] [ERROR] Failed to load resource: the server responded with a status of 404 (Not Found) @ http://localhost:5174/src/components/results/PercentageTaxSummary.tsx?t=1774087465163:0
[  154248ms] [ERROR] [vite] Failed to reload /src/components/results/PercentageTaxSummary.tsx. This could be due to syntax errors or importing non-existent modules. (see errors above) @ http://localhost:5174/@vite/client:881
[  154254ms] [ERROR] Failed to load resource: the server responded with a status of 404 (Not Found) @ http://localhost:5174/src/components/results/RecommendationPill.tsx?t=1774087465163:0
[  154255ms] [ERROR] [vite] Failed to reload /src/components/results/RecommendationPill.tsx. This could be due to syntax errors or importing non-existent modules. (see errors above) @ http://localhost:5174/@vite/client:881
[  154263ms] [ERROR] Failed to load resource: the server responded with a status of 404 (Not Found) @ http://localhost:5174/src/components/results/RegimeComparison.tsx?t=1774087465163:0
[  154263ms] [ERROR] [vite] Failed to reload /src/components/results/RegimeComparison.tsx. This could be due to syntax errors or importing non-existent modules. (see errors above) @ http://localhost:5174/@vite/client:881
[  154297ms] [ERROR] Failed to load resource: the server responded with a status of 404 () @ chrome-error://chromewebdata/:0
